Script started on 2020-04-11 23:36:35-0700
rothc5@cf420-33:~$ mkdir csci241
mkdir: cannot create directory ‘csci241’: File exists
rothc5@cf420-33:~$ nano
[?1049h[22;0;0t[1;25r(B[m[4l[?7h[39;49m[?1h=[?1h=[?1h=[?25l[39;49m(B[m[H[2J(B[0;7m  GNU nano 2.9.3                      New Buffer                                [1;79H(B[m[24d(B[0;7m^G(B[m Get Help  (B[0;7m^O(B[m Write Out (B[0;7m^W(B[m Where Is  (B[0;7m^K(B[m Cut Text  (B[0;7m^J(B[m Justify   (B[0;7m^C(B[m Cur Pos[25d(B[0;7m^X(B[m Exit[14G(B[0;7m^R(B[m Read File (B[0;7m^\(B[m Replace   (B[0;7m^U(B[m Uncut Text(B[0;7m^T(B[m To Spell  (B[0;7m^_(B[m Go To Line[23d[3d[39;49m(B[m[?12l[?25h[?25l[?12l[?25h[?25l[24;2H(B[0;7mL(B[m Refresh      (B[0;7m^W(B[m Where Is     (B[0;7m^P(B[m Prev Line    (B[0;7m^Y(B[m Prev Page    (B[0;7mM-\(B[m First Line[25;4HClose        (B[0;7mM-W(B[m WhereIs Next(B[0;7m^N(B[m Next Line    (B[0;7m^V(B[m Next Page    (B[0;7mM-/(B[m Last Line[K[23d[1;3H(B[0;7m              [1;32HMain nano help text[79G(B[m[3;2H[39;49m(B[mThe nano editor is designed to emulate the functionality and ease-of-use[4d of the UW Pico text editor.  There are four main sections of the editor.[5d The top line shows the program version, the current filename being[6d edited, and whether or not the file has been modified.  Next is the main[7d editor window showing the file being edited.  The status line is the[8d third line from the bottom and shows important messages.  The bottom two[9d lines show the most commonly used shortcuts in the editor.[11d Shortcuts are written as follows: Control-key sequences are notated with[12d a (B[0;1m[31m'^'[39m(B[m and can be entered either by using the Ctrl key or pressing the Esc[13d key twice.  Meta-key sequences are notated with (B[0;1m[31m'M-'[39m(B[m and can be entered[14d using either the Alt, Cmd, or Esc key, depending on your keyboard setup.[15d Also, pressing Esc twice and then typing a three-digit decimal number[16d from 000 to 255 will enter the character with the corresponding value.[17d The following keystrokes are available in the main editor window.[18d Alternative keys are shown in parentheses:[20d[36m^G[39m(B[m    ([36mF1[39m(B[m)[17GDisplay this help text[21d[36m^X[39m(B[m    ([36mF2[39m(B[m)[17GClose the current file buffer / Exit from nano[22d[36m^O[39m(B[m    ([36mF3[39m(B[m)[17GWrite the current file to disk[3d[24;2H(B[0;7mG(B[m Get Help  (B[0;7m^O(B[m Write Out (B[0;7m^W(B[m Where Is  (B[0;7m^K(B[m Cut Text  (B[0;7m^J(B[m Justify   (B[0;7m^C(B[m Cur Pos[K[25;4HExit      (B[0;7m^R(B[m Read File (B[0;7m^\(B[m Replace   (B[0;7m^U(B[m Uncut Text(B[0;7m^T(B[m To Spell  (B[0;7m^_(B[m Go To Line[23d[H[2J(B[0;7m                               Main nano help text                              [3;2H(B[mThe nano editor is designed to emulate the functionality and ease-of-use[4d of the UW Pico text editor.  There are four main sections of the editor.[5d The top line shows the program version, the current filename being[6d edited, and whether or not the file has been modified.  Next is the main[7d editor window showing the file being edited.  The status line is the[8d third line from the bottom and shows important messages.  The bottom two[9d lines show the most commonly used shortcuts in the editor.[11d Shortcuts are written as follows: Control-key sequences are notated with[12d a (B[0;1m[31m'^'[39m(B[m and can be entered either by using the Ctrl key or pressing the Esc[13d key twice.  Meta-key sequences are notated with (B[0;1m[31m'M-'[39m(B[m and can be entered[14d using either the Alt, Cmd, or Esc key, depending on your keyboard setup.[15d Also, pressing Esc twice and then typing a three-digit decimal number[16d from 000 to 255 will enter the character with the corresponding value.[17d The following keystrokes are available in the main editor window.[18d Alternative keys are shown in parentheses:[20d[36m^G[39m(B[m    ([36mF1[39m(B[m)[17GDisplay this help text[21d[36m^X[39m(B[m    ([36mF2[39m(B[m)[17GClose the current file buffer / Exit from nano[22d[36m^O[39m(B[m    ([36mF3[39m(B[m)[17GWrite the current file to disk[24d(B[0;7m^G(B[m Get Help  (B[0;7m^O(B[m Write Out (B[0;7m^W(B[m Where Is  (B[0;7m^K(B[m Cut Text  (B[0;7m^J(B[m Justify   (B[0;7m^C(B[m Cur Pos[25d(B[0;7m^X(B[m Exit[14G(B[0;7m^R(B[m Read File (B[0;7m^\(B[m Replace   (B[0;7m^U(B[m Uncut Text(B[0;7m^T(B[m To Spell  (B[0;7m^_(B[m Go To Line[23d[1;3H(B[0;7mGNU nano 2.9.3[1;32H       New Buffer  [79G(B[m[3d[39;49m(B[m[K[4d[K[5d[K[6d[K[7d[K[8d[K[9d[K[11d[K[12d[K[13d[K[14d[K[15d[K[16d[K[17d[K[18d[K[20d[K[21d[K[22d[K[23d[3d[?12l[?25h[?25l[?12l[?25h[?25l[24d[J[25;80H[?12l[?25h[25;1H[?1049l[23;0;0t[?1l>rothc5@cf420-33:~$ /home/rothc5
bash: /home/rothc5: Is a directory
rothc5@cf420-33:~$ cd /home/rothc5
rothc5@cf420-33:~$ mkdir csci241
mkdir: cannot create directory ‘csci241’: File exists
rothc5@cf420-33:~$ CRcs[K[K[K[Kmkdir CRcsci241[K[K[K[K[K[K[K[K[KScsci241[K[K[K241[K[K[K[K[K[K[Kpringcsci[K[K[K[K[K[K[K[K[K[Kspringcsic[K[Kci241[K[K[K[K[K[K[K[K[K[K[K[K[Kscsci241
rothc5@cf420-33:~$ \[Kcd scsci241
rothc5@cf420-33:~/scsci241$ git clone ^V[K[K ^V[K[K ^V[K[K ^V[K[K https;??[K[K[K;[K://github.com/csi[Kci241-19w/lap[Kb-1-u7s[K[Ksern ame
Cloning into 'lab-1-username'...
Username for 'https://github.com': CalebRoth
Password for 'https://CalebRoth@github.com': 
remote: Repository not found.
fatal: repository 'https://github.com/csci241-19w/lab-1-username/' not found
rothc5@cf420-33:~/scsci241$ git clone https/[K;[K://githu7b.[K[K[Kb.com/csci241-201[Ks/lab-1-Caleb [A[C[C[C[C[C[C[C[C[C[C[C[C[C[C[C[C[C[C[C[C[C[C[C[C[C[C[C[C[C[C[C[C[C[C[C[C[C[C[C[C[C[C[C[C[C[C[C[C[C[C[C[C[C[C[C[C[C[C[C[C[C[C[C[C[C[C[C[C[C[C[C[C[C[C[C[C[C[C[C[K
[K[A[C[C[C[C[C[C[C[C[C[C[C[C[C[C[C[C[C[C[C[C[C[C[C[C[C[C[C[C[C[C[C[C[C[C[C[C[C[C[C[C[C[C[C[C[C[C[C[C[C[C[C[C[C[C[C[C[C[C[C[C[C[C[C[C[C[C[C[C[C[C[C[C[C[C[C[C[C[C[Cb Roth.git
Cloning into 'lab-1-CalebRoth'...
remote: Enumerating objects: 14, done.[K
remote: Counting objects:   7% (1/14)[Kremote: Counting objects:  14% (2/14)[Kremote: Counting objects:  21% (3/14)[Kremote: Counting objects:  28% (4/14)[Kremote: Counting objects:  35% (5/14)[Kremote: Counting objects:  42% (6/14)[Kremote: Counting objects:  50% (7/14)[Kremote: Counting objects:  57% (8/14)[Kremote: Counting objects:  64% (9/14)[Kremote: Counting objects:  71% (10/14)[Kremote: Counting objects:  78% (11/14)[Kremote: Counting objects:  85% (12/14)[Kremote: Counting objects:  92% (13/14)[Kremote: Counting objects: 100% (14/14)[Kremote: Counting objects: 100% (14/14), done.[K
remote: Compressing objects:  12% (1/8)[Kremote: Compressing objects:  25% (2/8)[Kremote: Compressing objects:  37% (3/8)[Kremote: Compressing objects:  50% (4/8)[Kremote: Compressing objects:  62% (5/8)[Kremote: Compressing objects:  75% (6/8)[Kremote: Compressing objects:  87% (7/8)[Kremote: Compressing objects: 100% (8/8)[Kremote: Compressing objects: 100% (8/8), done.[K
remote: Total 14 (delta 2), reused 0 (delta 0), pack-reused 0[K
Unpacking objects:   7% (1/14)   Unpacking objects:  14% (2/14)   Unpacking objects:  21% (3/14)   Unpacking objects:  28% (4/14)   Unpacking objects:  35% (5/14)   Unpacking objects:  42% (6/14)   Unpacking objects:  50% (7/14)   Unpacking objects:  57% (8/14)   Unpacking objects:  64% (9/14)   Unpacking objects:  71% (10/14)   Unpacking objects:  78% (11/14)   UnpackiScript started on 2020-04-12 03:40:48-0700
rothc5@cf162-10:~$ cd cd[K[Kscsci245[K1
rothc5@cf162-10:~/scsci241$ cd [K[K[Kls
lab-1-CalebRoth  writeup.txt
rothc5@cf162-10:~/scsci241$ cd lab-1-CalebRoth
rothc5@cf162-10:~/scsci241/lab-1-CalebRoth$ ls
build.gradle  settings.gradle  src  writeup.txt
rothc5@cf162-10:~/scsci241/lab-1-CalebRoth$ nano wrip[Kteup.txt
[?1049h[22;0;0t[1;25r(B[m[4l[?7h[39;49m[?1h=[?1h=[?1h=[?25l[39;49m(B[m[H[2J[23;33H(B[0;7m[ Reading File ](B[m[23;39H(B[0;7m 0 lines ](B[m[H(B[0;7m  GNU nano 2.9.3                     writeup.txt                                [1;79H(B[m[24d(B[0;7m^G(B[m Get Help  (B[0;7m^O(B[m Write Out (B[0;7m^W(B[m Where Is  (B[0;7m^K(B[m Cut Text  (B[0;7m^J(B[m Justify   (B[0;7m^C(B[m Cur Pos[25d(B[0;7m^X(B[m Exit[14G(B[0;7m^R(B[m Read File (B[0;7m^\(B[m Replace   (B[0;7m^U(B[m Uncut Text(B[0;7m^T(B[m To Spell  (B[0;7m^_(B[m Go To Line[23d[3d[39;49m(B[m[?12l[?25h[?25l[1;71H(B[0;7mModified(B[m[3d![?12l[?25h[?25l[K[?12l[?25h[?25l1[?12l[?25h[?25l)[?12l[?25h[?25l [?12l[?25h[?25lC[?12l[?25h[?25la[?12l[?25h[?25ll[?12l[?25h[?25le[?12l[?25h[?25l [?12l[?25h[?25l[?12l[?25h[?25lb[?12l[?25h[?25l [?12l[?25h[?25lR[?12l[?25h[?25lo[?12l[?25h[?25lt[?12l[?25h[?25lh[?12l[?25h[?25l[23d(B[0;7mSave modified buffer?  (Answering "No" will DISCARD changes.)                   [24;1H Y(B[m Yes[K[25d(B[0;7m N(B[m No  [14G   (B[0;7m^C(B[m Cancel[K[23;63H[?12l[?25h[?25l[24d(B[0;7m^G(B[m Get Help[24;21H(B[0;7mM-D(B[m DOS Format[41G(B[0;7mM-A(B[m Append[24;61H(B[0;7mM-B(B[m Backup File[25d(B[0;7m^C(B[m Cancel[17G    (B[0;7mM-M(B[m Mac Format[41G(B[0;7mM-P(B[m Prepend[25;61H(B[0;7m^T(B[m To Files[23d(B[0;7mFile Name to Write: writeup.txt                              (B[m[23;32H[?12l[?25h[?25l[23;32H[?12l[?25h[?25l[23;32H[?12l[?25h[?25l[K[1;79H[1;71H(B[0;7m        (B[m[23;33H(B[0;7m[ Wrote 1 line ](B[m[J[25;80H[?12l[?25h[25;1H[?1049l[23;0;0t[?1l>rothc5@cf162-10:~/scsci241/lab-1-CalebRoth$ nano writeup.txt
[?1049h[22;0;0t[1;25r(B[m[4l[?7h[39;49m[?1h=[?1h=[?1h=[?25l[39;49m(B[m[H[2J[23;33H(B[0;7m[ Reading File ](B[m[23;39H(B[0;7m 1 line ](B[m[K[H(B[0;7m  GNU nano 2.9.3                     writeup.txt                                [1;79H(B[m[24d(B[0;7m^G(B[m Get Help  (B[0;7m^O(B[m Write Out (B[0;7m^W(B[m Where Is  (B[0;7m^K(B[m Cut Text  (B[0;7m^J(B[m Justify   (B[0;7m^C(B[m Cur Pos[25d(B[0;7m^X(B[m Exit[14G(B[0;7m^R(B[m Read File (B[0;7m^\(B[m Replace   (B[0;7m^U(B[m Uncut Text(B[0;7m^T(B[m To Spell  (B[0;7m^_(B[m Go To Line[23d[3d[39;49m(B[m1) Caleb Roth[?12l[?25h[?25l[23d[J[25;80H[?12l[?25h[25;1H[?1049l[23;0;0t[?1l>rothc5@cf162-10:~/scsci241/lab-1-CalebRoth$ git commit -m "ADD[K[Kdded part 1(names [K) t o writeup"
On branch master
Your branch is up to date with 'origin/master'.

Changes not staged for commit:
	[31mmodified:   writeup.txt[m

no changes added to commit
rothc5@cf162-10:~/scsci241/lab-1-CalebRoth$ git stau[Ktus
On branch master
Your branch is up to date with 'origin/master'.

Changes not staged for commit:
  (use "git add <file>..." to update what will be committed)
  (use "git checkout -- <file>..." to discard changes in working directory)

	[31mmodified:   writeup.txt[m

no changes added to commit (use "git add" and/or "git commit -a")
rothc5@cf162-10:~/scsci241/lab-1-CalebRoth$ nana[Ko writeup.txt
[?1049h[22;0;0t[1;25r(B[m[4l[?7h[39;49m[?1h=[?1h=[?1h=[?25l[39;49m(B[m[H[2J[23;33H(B[0;7m[ Reading File ](B[m[23;39H(B[0;7m 1 line ](B[m[K[H(B[0;7m  GNU nano 2.9.3                     writeup.txt                                [1;79H(B[m[24d(B[0;7m^G(B[m Get Help  (B[0;7m^O(B[m Write Out (B[0;7m^W(B[m Where Is  (B[0;7m^K(B[m Cut Text  (B[0;7m^J(B[m Justify   (B[0;7m^C(B[m Cur Pos[25d(B[0;7m^X(B[m Exit[14G(B[0;7m^R(B[m Read File (B[0;7m^\(B[m Replace   (B[0;7m^U(B[m Uncut Text(B[0;7m^T(B[m To Spell  (B[0;7m^_(B[m Go To Line[23d[3d[39;49m(B[m1) Caleb Roth[?12l[?25h[?25l1[?12l[?25h[?25l)[?12l[?25h[?25l [?12l[?25h[?25lC[?12l[?25h[?25la[?12l[?25h[?25ll[?12l[?25h[?25le[?12l[?25h[?25lb[?12l[?25h[?25l [?12l[?25h[?25lR[?12l[?25h[?25lo[?12l[?25h[?25lt[?12l[?25h[?25lh[?12l[?25h[?25l[1;71H(B[0;7mModified(B[m[4d[?12l[?25h[?25l2[?12l[?25h[?25l)[?12l[?25h[?25l [?12l[?25h[?25lH[?12l[?25h[?25lo[?12l[?25h[?25lb[?12l[?25h[?25lb[?12l[?25h[?25ly[?12l[?25h[?25l;[?12l[?25h[?25l [?12l[?25h[?25l[?12l[?25h[?25l [23d[K[4;9H[?12l[?25h[?25l:[?12l[?25h[?25l [?12l[?25h[?25lM[?12l[?25h[?25lu[?12l[?25h[?25ls[?12l[?25h[?25li[?12l[?25h[?25lc[?12l[?25h[?25l[5d[?12l[?25h[?25l3[?12l[?25h[?25l)[?12l[?25h[?25l [?12l[?25h[?25l[?12l[?25h[?25l [?12l[?25h[?25l[K[?12l[?25h[?25l[4;16H[?12l[?25h[?25l[23d(B[0;7mSave modified buffer?  (Answering "No" will DISCARD changes.)                   [24;1H Y(B[m Yes[K[25d(B[0;7m N(B[m No  [14G   (B[0;7m^C(B[m Cancel[K[23;63H[?12l[?25h[?25l[24d(B[0;7m^G(B[m Get Help[24;21H(B[0;7mM-D(B[m DOS Format[41G(B[0;7mM-A(B[m Append[24;61H(B[0;7mM-B(B[m Backup File[25d(B[0;7m^C(B[m Cancel[17G    (B[0;7mM-M(B[m Mac Format[41G(B[0;7mM-P(B[m Prepend[25;61H(B[0;7m^T(B[m To Files[23d(B[0;7mFile Name to Write: writeup.txt                              (B[m[23;32H[?12l[?25h[?25l[K[1;79H[1;71H(B[0;7m        (B[m[23;32H(B[0;7m[ Wrote 2 lines ](B[m[J[25;80H[?12l[?25h[25;1H[?1049l[23;0;0t[?1l>rothc5@cf162-10:~/scsci241/lab-1-CalebRoth$ git status
On branch master
Your branch is up to date with 'origin/master'.

Changes not staged for commit:
  (use "git add <file>..." to update what will be committed)
  (use "git checkout -- <file>..." to discard changes in working directory)

	[31mmodified:   writeup.txt[m

no changes added to commit (use "git add" and/or "git commit -a")
rothc5@cf162-10:~/scsci241/lab-1-CalebRoth$ git add writeup.txt
rothc5@cf162-10:~/scsci241/lab-1-CalebRoth$ git stau[Ktus
On branch master
Your branch is up to date with 'origin/master'.

Changes to be committed:
  (use "git reset HEAD <file>..." to unstage)

	[32mmodified:   writeup.txt[m

rothc5@cf162-10:~/scsci241/lab-1-CalebRoth$ git commit -m "a[KAdded hobby to writeu p"
[master 31d0d84] Added hobby to writeup
 1 file changed, 2 insertions(+)
rothc5@cf162-10:~/scsci241/lab-1-CalebRoth$ git status
On branch master
Your branch is ahead of 'origin/master' by 1 commit.
  (use "git push" to publish your local commits)

nothing to commit, working tree clean
rothc5@cf162-10:~/scsci241/lab-1-CalebRoth$ git push
Username for 'https://github.com': CalebRoth
Password for 'https://CalebRoth@github.com': 
Counting objects: 3, done.
Delta compression using up to 8 threads.
Compressing objects:  50% (1/2)   Compressing objects: 100% (2/2)   Compressing objects: 100% (2/2), done.
Writing objects:  33% (1/3)   Writing objects:  66% (2/3)   Writing objects: 100% (3/3)   Writing objects: 100% (3/3), 289 bytes | 144.00 KiB/s, done.
Total 3 (delta 1), reused 0 (delta 0)
remote: Resolving deltas:   0% (0/1)[Kremote: Resolving deltas: 100% (1/1)[Kremote: Resolving deltas: 100% (1/1), completed with 1 local object.[K
To https://github.com/csci241-20s/lab-1-CalebRoth.git
   49a65a1..31d0d84  master -> master
rothc5@cf162-10:~/scsci241/lab-1-CalebRoth$ g[Kgit stau[Ktus
On branch master
Your branch is up to date with 'origin/master'.

nothing to commit, working tree clean
rothc5@cf162-10:~/scsci241/lab-1-CalebRoth$ touch username.txt
rothc5@cf162-10:~/scsci241/lab-1-CalebRoth$ nano username.txt
[?1049h[22;0;0t[1;25r(B[m[4l[?7h[39;49m[?1h=[?1h=[?1h=[?25l[39;49m(B[m[H[2J[23;33H(B[0;7m[ Reading File ](B[m[23;39H(B[0;7m 0 lines ](B[m[H(B[0;7m  GNU nano 2.9.3                     username.txt                               [1;79H(B[m[24d(B[0;7m^G(B[m Get Help  (B[0;7m^O(B[m Write Out (B[0;7m^W(B[m Where Is  (B[0;7m^K(B[m Cut Text  (B[0;7m^J(B[m Justify   (B[0;7m^C(B[m Cur Pos[25d(B[0;7m^X(B[m Exit[14G(B[0;7m^R(B[m Read File (B[0;7m^\(B[m Replace   (B[0;7m^U(B[m Uncut Text(B[0;7m^T(B[m To Spell  (B[0;7m^_(B[m Go To Line[23d[3d[39;49m(B[m[?12l[?25h[?25l[1;71H(B[0;7mModified(B[m[3dC[?12l[?25h[?25la[?12l[?25h[?25ll[?12l[?25h[?25le[?12l[?25h[?25lb[?12l[?25h[?25l [?12l[?25h[?25lR[?12l[?25h[?25lo[?12l[?25h[?25lt[?12l[?25h[?25lh[?12l[?25h[?25l,[?12l[?25h[?25lr[?12l[?25h[?25lo[?12l[?25h[?25lt[?12l[?25h[?25lh[?12l[?25h[?25lc[?12l[?25h[?25l5[?12l[?25h[?25l,[?12l[?25h[?25lC[?12l[?25h[?25la[?12l[?25h[?25ll[?12l[?25h[?25le[?12l[?25h[?25lb[?12l[?25h[?25lR[?12l[?25h[?25lo[?12l[?25h[?25lt[23d[K[3;27H[?12l[?25h[?25lh[?12l[?25h[?25l[23d(B[0;7mSave modified buffer?  (Answering "No" will DISCARD changes.)                   [24;1H Y(B[m Yes[K[25d(B[0;7m N(B[m No  [14G   (B[0;7m^C(B[m Cancel[K[23;63H[?12l[?25h[?25l[24d(B[0;7m^G(B[m Get Help[24;21H(B[0;7mM-D(B[m DOS Format[41G(B[0;7mM-A(B[m Append[24;61H(B[0;7mM-B(B[m Backup File[25d(B[0;7m^C(B[m Cancel[17G    (B[0;7mM-M(B[m Mac Format[41G(B[0;7mM-P(B[m Prepend[25;61H(B[0;7m^T(B[m To Files[23d(B[0;7mFile Name to Write: username.txt                             (B[m[23;33H[?12l[?25h[?25l[K[1;79H[1;71H(B[0;7m        (B[m[23;33H(B[0;7m[ Wrote 1 line ](B[m[J[25;80H[?12l[?25h[25;1H[?1049l[23;0;0t[?1l>rothc5@cf162-10:~/scsci241/lab-1-CalebRoth$ git commit -m "Added username.txt"
On branch master
Your branch is up to date with 'origin/master'.

Untracked files:
	[31musername.txt[m

nothing added to commit but untracked files present
rothc5@cf162-10:~/scsci241/lab-1-CalebRoth$ nano writeup.txt
[?1049h[22;0;0t[1;25r(B[m[4l[?7h[39;49m[?1h=[?1h=[?1h=[?25l[39;49m(B[m[H[2J[23;33H(B[0;7m[ Reading File ](B[m[23;39H(B[0;7m 2 lines ](B[m[H(B[0;7m  GNU nano 2.9.3                     writeup.txt                                [1;79H(B[m[24d(B[0;7m^G(B[m Get Help  (B[0;7m^O(B[m Write Out (B[0;7m^W(B[m Where Is  (B[0;7m^K(B[m Cut Text  (B[0;7m^J(B[m Justify   (B[0;7m^C(B[m Cur Pos[25d(B[0;7m^X(B[m Exit[14G(B[0;7m^R(B[m Read File (B[0;7m^\(B[m Replace   (B[0;7m^U(B[m Uncut Text(B[0;7m^T(B[m To Spell  (B[0;7m^_(B[m Go To Line[23d[3d[39;49m(B[m1) Caleb Roth[4d2) Hobby: Music[A[?12l[?25h[?25l[4d[?12l[?25h[?25l2[?12l[?25h[?25l)[?12l[?25h[?25l [?12l[?25h[?25lH[?12l[?25h[?25lo[?12l[?25h[?25lb[?12l[?25h[?25lb[?12l[?25h[?25ly[?12l[?25h[?25l:[?12l[?25h[?25l [?12l[?25h[?25lM[?12l[?25h[?25lu[?12l[?25h[?25ls[?12l[?25h[?25li[?12l[?25h[?25lc[?12l[?25h[?25l[5d[?12l[?25h[?25l[?12l[?25h[?25l[?12l[?25h[?25l[4;16H[?12l[?25h[?25l[1;71H(B[0;7mModified(B[m[4;15H [?12l[?25h[?25l [?12l[?25h[?25l [?12l[?25h[?25l [?12l[?25h[?25l [?12l[?25h[?25ls[23d[K[4;12H[?12l[?25h[?25l[[?12l[?25h[?25lp[?12l[?25h[?25l [?12l[?25h[?25l [?12l[?25h[?25l [?12l[?25h[?25ls[?12l[?25h[?25lo[?12l[?25h[?25lc[?12l[?25h[?25lc[?12l[?25h[?25le[?12l[?25h[?25lr[?12l[?25h[?25l[23d(B[0;7mSave modified buffer?  (Answering "No" will DISCARD changes.)                   [24;1H Y(B[m Yes[K[25d(B[0;7m N(B[m No  [14G   (B[0;7m^C(B[m Cancel[K[23;63H[?12l[?25h[?25l[24d(B[0;7m^G(B[m Get Help[24;21H(B[0;7mM-D(B[m DOS Format[41G(B[0;7mM-A(B[m Append[24;61H(B[0;7mM-B(B[m Backup File[25d(B[0;7m^C(B[m Cancel[17G    (B[0;7mM-M(B[m Mac Format[41G(B[0;7mM-P(B[m Prepend[25;61H(B[0;7m^T(B[m To Files[23d(B[0;7mFile Name to Write: writeup.txt                              (B[m[23;32H[?12l[?25h[?25l[K[1;79H[1;71H(B[0;7m        (B[m[23;32H(B[0;7m[ Wrote 2 lines ](B[m[J[25;80H[?12l[?25h[25;1H[?1049l[23;0;0t[?1l>rothc5@cf162-10:~/scsci241/lab-1-CalebRoth$ git checkout writeup.txt
rothc5@cf162-10:~/scsci241/lab-1-CalebRoth$ nano wriet[K[Kteup.txt
[?1049h[22;0;0t[1;25r(B[m[4l[?7h[39;49m[?1h=[?1h=[?1h=[?25l[39;49m(B[m[H[2J[23;33H(B[0;7m[ Reading File ](B[m[23;39H(B[0;7m 2 lines ](B[m[H(B[0;7m  GNU nano 2.9.3                     writeup.txt                                [1;79H(B[m[24d(B[0;7m^G(B[m Get Help  (B[0;7m^O(B[m Write Out (B[0;7m^W(B[m Where Is  (B[0;7m^K(B[m Cut Text  (B[0;7m^J(B[m Justify   (B[0;7m^C(B[m Cur Pos[25d(B[0;7m^X(B[m Exit[14G(B[0;7m^R(B[m Read File (B[0;7m^\(B[m Replace   (B[0;7m^U(B[m Uncut Text(B[0;7m^T(B[m To Spell  (B[0;7m^_(B[m Go To Line[23d[3d[39;49m(B[m1) Caleb Roth[4d2) Hobby: Music[A[?12l[?25h[?25l[23d[J[25;80H[?12l[?25h[25;1H[?1049l[23;0;0t[?1l>rothc5@cf162-10:~/scsci241/lab-1-CalebRoth$ touch file[Ketodel.txt
rothc5@cf162-10:~/scsci241/lab-1-CalebRoth$ git rm file[K[K[K[K[K[K[K[K[K[K[Kgit mv [K[K[K[K[K[K[Kgit rm filetodel.txt
fatal: pathspec 'filetodel.txt' did not match any files
rothc5@cf162-10:~/scsci241/lab-1-CalebRoth$ git rm fileto[K[K[K[K[K[K[K[K[K[K[K[K[Kls
build.gradle  filetodel.txt  settings.gradle  src  username.txt  writeup.txt
rothc5@cf162-10:~/scsci241/lab-1-CalebRoth$ git rm filetodel.txt
fatal: pathspec 'filetodel.txt' did not match any files
rothc5@cf162-10:~/scsci241/lab-1-CalebRoth$ git help
usage: git [--version] [--help] [-C <path>] [-c <name>=<value>]
           [--exec-path[=<path>]] [--html-path] [--man-path] [--info-path]
           [-p | --paginate | --no-pager] [--no-replace-objects] [--bare]
           [--git-dir=<path>] [--work-tree=<path>] [--namespace=<name>]
           <command> [<args>]

These are common Git commands used in various situations:

start a working area (see also: git help tutorial)
   clone      Clone a repository into a new directory
   init       Create an empty Git repository or reinitialize an existing one

work on the current change (see also: git help everyday)
   add        Add file contents to the index
   mv         Move or rename a file, a directory, or a symlink
   reset      Reset current HEAD to the specified state
   rm         Remove files from the working tree and from the index

examine the history and state (see also: git help revisions)
   bisect     Use binary search to find the commit that introduced a bug
   grep       Print lines matching a pattern
   log        Show commit logs
   show       Show various types of objects
   status     Show the working tree status

grow, mark and tweak your common history
   branch     List, create, or delete branches
   checkout   Switch branches or restore working tree files
   commit     Record changes to the repository
   diff       Show changes between commits, commit and working tree, etc
   merge      Join two or more development histories together
   rebase     Reapply commits on top of another base tip
   tag        Create, list, delete or verify a tag object signed with GPG

collaborate (see also: git help workflows)
   fetch      Download objects and refs from another repository
   pull       Fetch from and integrate with another repository or a local branch
   push       Update remote refs along with associated objects

'git help -a' and 'git help -g' list available subcommands and some
concept guides. See 'git help <command>' or 'git help <concept>'
to read about a specific subcommand or concept.
rothc5@cf162-10:~/scsci241/lab-1-CalebRoth$ ls
build.gradle  filetodel.txt  settings.gradle  src  username.txt  writeup.txt
rothc5@cf162-10:~/scsci241/lab-1-CalebRoth$ cd filetodel.txt
bash: cd: filetodel.txt: Not a directory
rothc5@cf162-10:~/scsci241/lab-1-CalebRoth$ git rm filetodel.txt
fatal: pathspec 'filetodel.txt' did not match any files
rothc5@cf162-10:~/scsci241/lab-1-CalebRoth$ git mv filetodel.txt rean[K[Kname.txt
fatal: not under version control, source=filetodel.txt, destination=rename.txt
rothc5@cf162-10:~/scsci241/lab-1-CalebRoth$ git status
On branch master
Your branch is up to date with 'origin/master'.

Untracked files:
  (use "git add <file>..." to include in what will be committed)

	[31mfiletodel.txt[m
	[31musername.txt[m

nothing added to commit but untracked files present (use "git add" to track)
rothc5@cf162-10:~/scsci241/lab-1-CalebRoth$ git push
Username for 'https://github.com': CalebRoth
Password for 'https://CalebRoth@github.com': 
Everything up-to-date
rothc5@cf162-10:~/scsci241/lab-1-CalebRoth$ git rm filetodel.txt
fatal: pathspec 'filetodel.txt' did not match any files
rothc5@cf162-10:~/scsci241/lab-1-CalebRoth$ git[K[K[Kggggg[K[K[K[K[Kgit rm  filetodel.txt
fatal: pathspec 'filetodel.txt' did not match any files
rothc5@cf162-10:~/scsci241/lab-1-CalebRoth$ ls
build.gradle  filetodel.txt  settings.gradle  src  username.txt  writeup.txt
rothc5@cf162-10:~/scsci241/lab-1-CalebRoth$ git status
On branch master
Your branch is up to date with 'origin/master'.

Untracked files:
  (use "git add <file>..." to include in what will be committed)

	[31mfiletodel.txt[m
	[31musername.txt[m

nothing added to commit but untracked files present (use "git add" to track)
rothc5@cf162-10:~/scsci241/lab-1-CalebRoth$ gi [Kt comi[Kmit -m "added file to del[K[K[K[K[K[K[Ktodel.txt"
On branch master
Your branch is up to date with 'origin/master'.

Untracked files:
	[31mfiletodel.txt[m
	[31musername.txt[m

nothing added to commit but untracked files present
rothc5@cf162-10:~/scsci241/lab-1-CalebRoth$ git push
Username for 'https://github.com': CalebRoth
Password for 'https://CalebRoth@github.com': 
Everything up-to-date
rothc5@cf162-10:~/scsci241/lab-1-CalebRoth$ s[Kgit status
On branch master
Your branch is up to date with 'origin/master'.

Untracked files:
  (use "git add <file>..." to include in what will be committed)

	[31mfiletodel.txt[m
	[31musername.txt[m

nothing added to commit but untracked files present (use "git add" to track)
rothc5@cf162-10:~/scsci241/lab-1-CalebRoth$ git add filetodel.txt
rothc5@cf162-10:~/scsci241/lab-1-CalebRoth$ git add file[K[K[K[K[K[K[K[K[K[K[K[Kgit push[K[K[K[K[K[K[K[Kgis[Kt status
On branch master
Your branch is up to date with 'origin/master'.

Changes to be committed:
  (use "git reset HEAD <file>..." to unstage)

	[32mnew file:   filetodel.txt[m

Untracked files:
  (use "git add <file>..." to include in what will be committed)

	[31musername.txt[m

rothc5@cf162-10:~/scsci241/lab-1-CalebRoth$ git [K[K[Kit commit "[K[K[K[K[K[K[K[Krm filetodel.txt
error: the following file has changes staged in the index:
    filetodel.txt
(use --cached to keep the file, or -f to force removal)
rothc5@cf162-10:~/scsci241/lab-1-CalebRoth$ -f
-f: command not found
rothc5@cf162-10:~/scsci241/lab-1-CalebRoth$ git sat[K[Kts[Katus
On branch master
Your branch is up to date with 'origin/master'.

Changes to be committed:
  (use "git reset HEAD <file>..." to unstage)

	[32mnew file:   filetodel.txt[m

Untracked files:
  (use "git add <file>..." to include in what will be committed)

	[31musername.txt[m

rothc5@cf162-10:~/scsci241/lab-1-CalebRoth$ git commit -m filetodel.txt[K[K[K[K[K[K[K[K[K[K[K[K[K"file to[K[K[Ktodel.txt added p roperly"
[master 21ee34e] filetodel.txt added properly
 1 file changed, 0 insertions(+), 0 deletions(-)
 create mode 100644 filetodel.txt
rothc5@cf162-10:~/scsci241/lab-1-CalebRoth$ git push
Username for 'https://github.com': CalebRoth
Password for 'https://CalebRoth@github.com': 
Counting objects: 2, done.
Delta compression using up to 8 threads.
Compressing objects:  50% (1/2)   Compressing objects: 100% (2/2)   Compressing objects: 100% (2/2), done.
Writing objects:  50% (1/2)   Writing objects: 100% (2/2)   Writing objects: 100% (2/2), 272 bytes | 272.00 KiB/s, done.
Total 2 (delta 1), reused 0 (delta 0)
remote: Resolving deltas:   0% (0/1)[Kremote: Resolving deltas: 100% (1/1)[Kremote: Resolving deltas: 100% (1/1), completed with 1 local object.[K
git status
To https://github.com/csci241-20s/lab-1-CalebRoth.git
   31d0d84..21ee34e  master -> master
rothc5@cf162-10:~/scsci241/lab-1-CalebRoth$ git status
On branch master
Your branch is up to date with 'origin/master'.

Untracked files:
  (use "git add <file>..." to include in what will be committed)

	[31musername.txt[m

nothing added to commit but untracked files present (use "git add" to track)
rothc5@cf162-10:~/scsci241/lab-1-CalebRoth$ git rm filetodel.txt
rm 'filetodel.txt'
rothc5@cf162-10:~/scsci241/lab-1-CalebRoth$ ls
build.gradle  settings.gradle  src  username.txt  writeup.txt
rothc5@cf162-10:~/scsci241/lab-1-CalebRoth$ git status
On branch master
Your branch is up to date with 'origin/master'.

Changes to be committed:
  (use "git reset HEAD <file>..." to unstage)

	[32mdeleted:    filetodel.txt[m

Untracked files:
  (use "git add <file>..." to include in what will be committed)

	[31musername.txt[m

rothc5@cf162-10:~/scsci241/lab-1-CalebRoth$ touch namechange.txt
rothc5@cf162-10:~/scsci241/lab-1-CalebRoth$ git mv[K[K[K[K[K[Kgit add namechange.txt
rothc5@cf162-10:~/scsci241/lab-1-CalebRoth$ git status
On branch master
Your branch is up to date with 'origin/master'.

Changes to be committed:
  (use "git reset HEAD <file>..." to unstage)

	[32mrenamed:    filetodel.txt -> namechange.txt[m

Untracked files:
  (use "git add <file>..." to include in what will be committed)

	[31musername.txt[m

rothc5@cf162-10:~/scsci241/lab-1-CalebRoth$ ls
build.gradle  namechange.txt  settings.gradle  src  username.txt  writeup.txt
rothc5@cf162-10:~/scsci241/lab-1-CalebRoth$ git[K[K[Kgit push
Username for 'https://github.com': CalebRoth
Password for 'https://CalebRoth@github.com': 
Everything up-to-date
rothc5@cf162-10:~/scsci241/lab-1-CalebRoth$ git status
On branch master
Your branch is up to date with 'origin/master'.

Changes to be committed:
  (use "git reset HEAD <file>..." to unstage)

	[32mrenamed:    filetodel.txt -> namechange.txt[m

Untracked files:
  (use "git add <file>..." to include in what will be committed)

	[31musername.txt[m

rothc5@cf162-10:~/scsci241/lab-1-CalebRoth$ git commit -m "deleted file to [K[K[K[Ktodel,[K.txt , added namechange.txt"
[master c95d3e8] deleted filetodel.txt, added namechange.txt
 1 file changed, 0 insertions(+), 0 deletions(-)
 rename filetodel.txt => namechange.txt (100%)
rothc5@cf162-10:~/scsci241/lab-1-CalebRoth$ git push
Username for 'https://github.com': Mag58!gie         Caleb R  ROth
Password for 'https://CalebROth@github.com': 
remote: Invalid username or password.
fatal: Authentication failed for 'https://github.com/csci241-20s/lab-1-CalebRoth.git/'
rothc5@cf162-10:~/scsci241/lab-1-CalebRoth$ git push
Username for 'https://github.com': CalebRoth
Password for 'https://CalebRoth@github.com': 
Counting objects: 2, done.
Delta compression using up to 8 threads.
Compressing objects:  50% (1/2)   Compressing objects: 100% (2/2)   Compressing objects: 100% (2/2), done.
Writing objects:  50% (1/2)   Writing objects: 100% (2/2)   Writing objects: 100% (2/2), 253 bytes | 253.00 KiB/s, done.
Total 2 (delta 1), reused 0 (delta 0)
remote: Resolving deltas:   0% (0/1)[Kremote: Resolving deltas: 100% (1/1)[Kremote: Resolving deltas: 100% (1/1), completed with 1 local object.[K
gitTo https://github.com/csci241-20s/lab-1-CalebRoth.git
   21ee34e..c95d3e8  master -> master
 rothc5@cf162-10:~/scsci241/lab-1-CalebRoth$ git st[Ktatus
On branch master
Your branch is up to date with 'origin/master'.

Untracked files:
  (use "git add <file>..." to include in what will be committed)

	[31musername.txt[m

nothing added to commit but untracked files present (use "git add" to track)
rothc5@cf162-10:~/scsci241/lab-1-CalebRoth$ ls
build.gradle  namechange.txt  settings.gradle  src  username.txt  writeup.txt
rothc5@cf162-10:~/scsci241/lab-1-CalebRoth$ git mv usr[Kername.txt [K[K[K[K[K[K[K[K[K[K[K[K[K[K namechange.txt newname.txt
rothc5@cf162-10:~/scsci241/lab-1-CalebRoth$ ls
build.gradle  newname.txt  settings.gradle  src  username.txt  writeup.txt
rothc5@cf162-10:~/scsci241/lab-1-CalebRoth$ git status
On branch master
Your branch is up to date with 'origin/master'.

Changes to be committed:
  (use "git reset HEAD <file>..." to unstage)

	[32mrenamed:    namechange.txt -> newname.txt[m

Untracked files:
  (use "git add <file>..." to include in what will be committed)

	[31musername.txt[m

rothc5@cf162-10:~/scsci241/lab-1-CalebRoth$ git blame
usage: git blame [<options>] [<rev-opts>] [<rev>] [--] <file>

    <rev-opts> are documented in git-rev-list(1)

    --incremental         Show blame entries as we find them, incrementally
    -b                    Show blank SHA-1 for boundary commits (Default: off)
    --root                Do not treat root commits as boundaries (Default: off)
    --show-stats          Show work cost statistics
    --progress            Force progress reporting
    --score-debug         Show output score for blame entries
    -f, --show-name       Show original filename (Default: auto)
    -n, --show-number     Show original linenumber (Default: off)
    -p, --porcelain       Show in a format designed for machine consumption
    --line-porcelain      Show porcelain format with per-line commit information
    -c                    Use the same output mode as git-annotate (Default: off)
    -t                    Show raw timestamp (Default: off)
    -l                    Show long commit SHA1 (Default: off)
    -s                    Suppress author name and timestamp (Default: off)
    -e, --show-email      Show author email instead of name (Default: off)
    -w                    Ignore whitespace differences
    --indent-heuristic    Use an experimental heuristic to improve diffs
    --minimal             Spend extra cycles to find better match
    -S <file>             Use revisions from <file> instead of calling git-rev-list
    --contents <file>     Use <file>'s contents as the final image
    -C[<score>]           Find line copies within and across files
    -M[<score>]           Find line movements within and across files
    -L <n,m>              Process only line range n,m, counting from 1
    --abbrev[=<n>]        use <n> digits to display SHA-1s

rothc5@cf162-10:~/scsci241/lab-1-CalebRoth$ git log
[?1h=[33mcommit c95d3e857c55d752f4604430793dfe2edb19a0c2[m[33m ([m[1;36mHEAD -> [m[1;32mmaster[m[33m, [m[1;31morigin/master[m[33m, [m[1;31m[m [33m[m[33m[m[1;36m[m[1;32m[m[33m[m[1;31m[m[33m[m[1;31morigin/HEAD[m[33m)[m[m
Author: CalebRoth <rothc5@wwu.edu>[m
Date:   Sun Apr 12 04:04:57 2020 -0700[m
[m
    deleted filetodel.txt, added namechange.txt[m
[m
[33mcommit 21ee34e88f78e20adbb3ebeb4e51d5e8d0d8d56d[m[m
Author: CalebRoth <rothc5@wwu.edu>[m
Date:   Sun Apr 12 04:00:20 2020 -0700[m
[m
    filetodel.txt added properly[m
[m
[33mcommit 31d0d8454f439582d00cb305f422d45fe71545b8[m[m
Author: CalebRoth <rothc5@wwu.edu>[m
Date:   Sun Apr 12 03:47:44 2020 -0700[m
[m
    Added hobby to writeup[m
[m
[33mcommit 49a65a1f4ce46c057e4cce59215765909d4b83a0[m[m
Author: CalebRoth <rothc5@wwu.edu>[m
Date:   Sun Apr 12 00:50:44 2020 -0700[m
[m
    Added empty writeup[m
:[K[K[K:[K[K:[K[K[7mNo next tag  (press RETURN)[27m[25;1H[K[K:[K[K[m
[33mcommit 064f9ae73842a8a41fee994e0c27f129b6997b5a[m[m
Author: swehrwein <swehrwein@gmail.com>[m
Date:   Sat Apr 11 23:40:19 2020 -0700[m
[m
    Setting up GitHub Classroom Feedback[m
[m
[33mcommit 19de8316d68b2ea10e7c4cc98a7dd4ff61ddbabd[m[33m ([m[1;31morigin/feedback[m[33m)[m[m
Author: swehrwein <swehrwein@gmail.com>[m
Date:   Sat Apr 11 23:40:18 2020 -0700[m
[m
    Setting up GitHub Classroom Feedback[m
[m
:[K[K:[K[K[33mcommit 20a6e609a4876ac7e4a33047dcf5d9c7ce183a86[m[m
Author: swehrwein <swehrwein@gmail.com>[m
Date:   Sat Apr 11 23:40:17 2020 -0700[m
[m
    Initial commit[m
[7m(END)[27m[K[K[K[7m(END)[27m[K[K[7m(END)[27m[K[K[K[7m(END)[27m[K[K[K[7m(END)[27m[K[K[HM    Added hobby to writeup[m
[25;1H[K:[K[K:[K[K    Initial commit[m
[7m(END)[27m[K[K[K[7m(END)[27m[K[K[K[7m(END)[27m[K[K[K[7m(END)[27m[K[K[K[7m(END)[27m[K[K[K[7m(END)[27m[K[K [KESCESC[K^?^?[K[7m(END)[27m[K[K[K[7m(END)[27m[K[K[7m(END)[27m[K[K[K[7m(END)[27m[K[K[K[7m(END)[27m[K[K[K[7m(END)[27m[K[K[K[7m(END)[27m[K[K[K[7m(END)[27m[K[K[K[7m(END)[27m[K[K[K[7m(END)[27m[K[K[K[7m(END)[27m[K[K[K[7m(END)[27m[K[K[K[7m(END)[27m[K[K[K[7m(END)[27m[K[K[K[7m(END)[27m[K[K[K[7m(END)[27m[K[K[K[7m(END)[27m[K[K[K[7m(END)[27m[K[K[K[7m(END)[27m[K[K[K[7m(END)[27m[K[K[K[7m(END)[27m[K[K[K[7m(END)[27m[K[K[K[7m(END)[27m[K[K[K[7m(END)[27m[K[K[K[7m(END)[27m[K[K[K[7m(END)[27m[K[K[K[7m(END)[27m[K[K[7m(END)[27m[K[K[K[7m(END)[27m[K[K[K[7m(END)[27m[K[K[HM    Added hobby to writeup[m
[HM[m
[HMDate:   Sun Apr 12 03:47:44 2020 -0700[m
[HMAuthor: CalebRoth <rothc5@wwu.edu>[m
[HM[33mcommit 31d0d8454f439582d00cb305f422d45fe71545b8[m[m
[HM[m
[HM    filetodel.txt added properly[m
[HM[m
[HMDate:   Sun Apr 12 04:00:20 2020 -0700[m
[HMAuthor: CalebRoth <rothc5@wwu.edu>[m
[HM[33mcommit 21ee34e88f78e20adbb3ebeb4e51d5e8d0d8d56d[m[m
[HM[m
[HM    deleted filetodel.txt, added namechange.txt[m
[HM[m
[HMDate:   Sun Apr 12 04:04:57 2020 -0700[m
[HMAuthor: CalebRoth <rothc5@wwu.edu>[m
[HM[33m[m[33m[m[1;36m[m[1;32m[m[33m[m[1;31m[m[33m[m[1;31morigin/HEAD[m[33m)[m[m
[HM[33mcommit c95d3e857c55d752f4604430793dfe2edb19a0c2[m[33m ([m[1;36mHEAD -> [m[1;32mmaster[m[33m, [m[1;31morigin/master[m[33m, [m[1;31m[m[25;1H[K:[K[K:[K[K[7mNo next tag  (press RETURN)[27m[25;1H[K[K[7mNo next tag  (press RETURN)[27m[25;1H[K[K:[K[K:[K[K [KESCESC[K[[[K44[K:[K[K:[K[K [KESCESC[K[[[K44[K:[K[K:[K[K:[K[K[m
:[K[K:[K[K:[K[K:[K[K:[K[K:[K[K:[K[K:[K[K:[K[K:[K[K:[K[K:[K[K:[K[K:[K[K:[K[K:[K[K:[K[K:[K[K:[K[K:[K[K:[K[K:[K[K:[K[K:[K[K:[K[K:[K[K:[K[K:[K[K:[K[K:[K[K:[K[K[33mcommit 064f9ae73842a8a41fee994e0c27f129b6997b5a[m[m
Author: swehrwein <swehrwein@gmail.com>[m
Date:   Sat Apr 11 23:40:19 2020 -0700[m
[m
    Setting up GitHub Classroom Feedback[m
[m
[33mcommit 19de8316d68b2ea10e7c4cc98a7dd4ff61ddbabd[m[33m ([m[1;31morigin/feedback[m[33m)[m[m
Author: swehrwein <swehrwein@gmail.com>[m
Date:   Sat Apr 11 23:40:18 2020 -0700[m
[m
    Setting up GitHub Classroom Feedback[m
[m
[33mcommit 20a6e609a4876ac7e4a33047dcf5d9c7ce183a86[m[m
Author: swehrwein <swehrwein@gmail.com>[m
Date:   Sat Apr 11 23:40:17 2020 -0700[m
[m
    Initial commit[m
[7m(END)[27m[K[K [KESCESC[K[[[K33[K[7m(END)[27m[K[K[7m(END)[27m[K[K [KESCESC[K[[[K44[K[7m(END)[27m[K[K[7m(END)[27m[K[K [KESCESC[K[[[K44[K[7m(END)[27m[K[K[7m(END)[27m[K[K[K[7m(END)[27m[K[K[7m(END)[27m[K[K [K^X^X[K^X^X[Kgoto mark: [K[K[7mInvalid mark letter  (press RETURN)[27m[25;1H[K[K [K^X^X[K^X^X[Kgoto mark: [K[K[7mInvalid mark letter  (press RETURN)[27m[25;1H[K[K[7m(END)[27m[K[K[7m(END)[27m[K[K [K^X^X[K[7m(END)[27m[K[K[K[7m(END)[27m[K[K[HM    Added hobby to writeup[m
[HM[m
[HMDate:   Sun Apr 12 03:47:44 2020 -0700[m
[HMAuthor: CalebRoth <rothc5@wwu.edu>[m
[HM[33mcommit 31d0d8454f439582d00cb305f422d45fe71545b8[m[m
[HM[m
[HM    filetodel.txt added properly[m
[HM[m
[HMDate:   Sun Apr 12 04:00:20 2020 -0700[m
[HMAuthor: CalebRoth <rothc5@wwu.edu>[m
[HM[33mcommit 21ee34e88f78e20adbb3ebeb4e51d5e8d0d8d56d[m[m
[HM[m
[HM    deleted filetodel.txt, added namechange.txt[m
[HM[m
[HMDate:   Sun Apr 12 04:04:57 2020 -0700[m
[HMAuthor: CalebRoth <rothc5@wwu.edu>[m
[HM[33m[m[33m[m[1;36m[m[1;32m[m[33m[m[1;31m[m[33m[m[1;31morigin/HEAD[m[33m)[m[m
[HM[33mcommit c95d3e857c55d752f4604430793dfe2edb19a0c2[m[33m ([m[1;36mHEAD -> [m[1;32mmaster[m[33m, [m[1;31morigin/master[m[33m, [m[1;31m[m[25;1H[K:[K[K[K:[K[K[K[7mlines 1-23/41 byte 776/1332 58%  (press RETURN)[27m[25;1H[K[K[m
[33mcommit 064f9ae73842a8a41fee994e0c27f129b6997b5a[m[m
Author: swehrwein <swehrwein@gmail.com>[m
Date:   Sat Apr 11 23:40:19 2020 -0700[m
[m
    Setting up GitHub Classroom Feedback[m
[m
[33mcommit 19de8316d68b2ea10e7c4cc98a7dd4ff61ddbabd[m[33m ([m[1;31morigin/feedback[m[33m)[m[m
Author: swehrwein <swehrwein@gmail.com>[m
Date:   Sat Apr 11 23:40:18 2020 -0700[m
[m
    Setting up GitHub Classroom Feedback[m
[m
[33mcommit 20a6e609a4876ac7e4a33047dcf5d9c7ce183a86[m[m
Author: swehrwein <swehrwein@gmail.com>[m
Date:   Sat Apr 11 23:40:17 2020 -0700[m
[m
    Initial commit[m
[7m(END)[27m[K[K[K[7m(END)[27m[K[K[7m(END)[27m[K[K[?1l>
rothc5@cf162-10:~/scsci241/lab-1-CalebRoth$ qqq[K[K[Kgit diff
[?1h=[K[?1l>rothc5@cf162-10:~/scsci241/lab-1-CalebRoth$ git diff writeup.txt
[?1h=[K[?1l>rothc5@cf162-10:~/scsci241/lab-1-CalebRoth$ git diff --catch[K[K[Kched wriet[K[Kteup.txt
[?1h=[K[?1l>rothc5@cf162-10:~/scsci241/lab-1-CalebRoth$ git diff --[K[K[K[K[K[K[Kstatus
On branch master
Your branch is up to date with 'origin/master'.

Changes to be committed:
  (use "git reset HEAD <file>..." to unstage)

	[32mrenamed:    namechange.txt -> newname.txt[m

Untracked files:
  (use "git add <file>..." to include in what will be committed)

	[31musername.txt[m

rothc5@cf162-10:~/scsci241/lab-1-CalebRoth$ git[K[K[Kls
build.gradle  newname.txt  settings.gradle  src  username.txt  writeup.txt
rothc5@cf162-10:~/scsci241/lab-1-CalebRoth$ git di[K[Kdiff newname.txt
[?1h=[K[?1l>rothc5@cf162-10:~/scsci241/lab-1-CalebRoth$ git add username.txt
rothc5@cf162-10:~/scsci241/lab-1-CalebRoth$ git status
On branch master
Your branch is up to date with 'origin/master'.

Changes to be committed:
  (use "git reset HEAD <file>..." to unstage)

	[32mrenamed:    namechange.txt -> newname.txt[m
	[32mnew file:   username.txt[m

rothc5@cf162-10:~/scsci241/lab-1-CalebRoth$ git diff username.txt
[?1h=[K[?1l>rothc5@cf162-10:~/scsci241/lab-1-CalebRoth$ git diff git diff--[K[K --cached username. txt
fatal: ambiguous argument 'git': unknown revision or path not in the working tree.
Use '--' to separate paths from revisions, like this:
'git <command> [<revision>...] -- [<file>...]'
rothc5@cf162-10:~/scsci241/lab-1-CalebRoth$ git diff
[?1h=[K[?1l>rothc5@cf162-10:~/scsci241/lab-1-CalebRoth$ git diff --ch[Kached
[?1h=[1mdiff --git a/namechange.txt b/newname.txt[m[m
[1msimilarity index 100%[m[m
[1mrename from namechange.txt[m[m
[1mrename to newname.txt[m[m
[1mdiff --git a/username.txt b/username.txt[m[m
[1mnew file mode 100644[m[m
[1mindex 0000000..9d2288f[m[m
[1m--- /dev/null[m[m
[1m+++ b/username.txt[m[m
[36m@@ -0,0 +1 @@[m[m
[32m+[m[32mCaleb Roth,rothc5,CalebRoth[m[m
[K[?1l>rothc5@cf162-10:~/scsci241/lab-1-CalebRoth$ ls
build.gradle  newname.txt  settings.gradle  src  username.txt  writeup.txt
rothc5@cf162-10:~/scsci241/lab-1-CalebRoth$ git rm newname.txt
error: the following file has changes staged in the index:
    newname.txt
(use --cached to keep the file, or -f to force removal)
rothc5@cf162-10:~/scsci241/lab-1-CalebRoth$ git s[Kcommit -m "added username.txt"
[master ba0abc2] added username.txt
 2 files changed, 1 insertion(+)
 rename namechange.txt => newname.txt (100%)
 create mode 100644 username.txt
rothc5@cf162-10:~/scsci241/lab-1-CalebRoth$ git[K[K[Kgit status
On branch master
Your branch is ahead of 'origin/master' by 1 commit.
  (use "git push" to publish your local commits)

nothing to commit, working tree clean
rothc5@cf162-10:~/scsci241/lab-1-CalebRoth$ gi[K[Kgit rm newname.txt
rm 'newname.txt'
rothc5@cf162-10:~/scsci241/lab-1-CalebRoth$ git x[Kstatus
On branch master
Your branch is ahead of 'origin/master' by 1 commit.
  (use "git push" to publish your local commits)

Changes to be committed:
  (use "git reset HEAD <file>..." to unstage)

	[32mdeleted:    newname.txt[m

rothc5@cf162-10:~/scsci241/lab-1-CalebRoth$ git pu[K[Kcommit -m "removed newname.tt[Kxt"
[master dd73878] removed newname.txt
 1 file changed, 0 insertions(+), 0 deletions(-)
 delete mode 100644 newname.txt
rothc5@cf162-10:~/scsci241/lab-1-CalebRoth$ git push
Username for 'https://github.com': CalebRoth
Password for 'https://CalebRoth@github.com': 
Counting objects: 5, done.
Delta compression using up to 8 threads.
Compressing objects:  25% (1/4)   Compressing objects:  50% (2/4)   Compressing objects:  75% (3/4)   Compressing objects: 100% (4/4)   Compressing objects: 100% (4/4), done.
Writing objects:  20% (1/5)   Writing objects:  40% (2/5)   Writing objects:  80% (4/5)   Writing objects: 100% (5/5)   Writing objects: 100% (5/5), 476 bytes | 238.00 KiB/s, done.
Total 5 (delta 2), reused 0 (delta 0)
remote: Resolving deltas:   0% (0/2)[Kremote: Resolving deltas: 100% (2/2)[Kremote: Resolving deltas: 100% (2/2), completed with 1 local object.[K
To https://github.com/csci241-20s/lab-1-CalebRoth.git
   c95d3e8..dd73878  master -> master
rothc5@cf162-10:~/scsci241/lab-1-CalebRoth$ ^V[Kgit checkout -b question3
Switched to a new branch 'question3'
rothc5@cf162-10:~/scsci241/lab-1-CalebRoth$ nano writeup.txt
[?1049h[22;0;0t[1;25r(B[m[4l[?7h[39;49m[?1h=[?1h=[?1h=[?25l[39;49m(B[m[H[2J[23;33H(B[0;7m[ Reading File ](B[m[23;39H(B[0;7m 2 lines ](B[m[H(B[0;7m  GNU nano 2.9.3                     writeup.txt                                [1;79H(B[m[24d(B[0;7m^G(B[m Get Help  (B[0;7m^O(B[m Write Out (B[0;7m^W(B[m Where Is  (B[0;7m^K(B[m Cut Text  (B[0;7m^J(B[m Justify   (B[0;7m^C(B[m Cur Pos[25d(B[0;7m^X(B[m Exit[14G(B[0;7m^R(B[m Read File (B[0;7m^\(B[m Replace   (B[0;7m^U(B[m Uncut Text(B[0;7m^T(B[m To Spell  (B[0;7m^_(B[m Go To Line[23d[3d[39;49m(B[m1) Caleb Roth[4d2) Hobby: Music[A[?12l[?25h[?25l[4d[?12l[?25h[?25l[5d[?12l[?25h[?25l[1;71H(B[0;7mModified(B[m[5d3[?12l[?25h[?25l)[?12l[?25h[?25l [?12l[?25h[?25lI[?12l[?25h[?25ln[?12l[?25h[?25ls[?12l[?25h[?25lt[?12l[?25h[?25la[?12l[?25h[?25ln[?12l[?25h[?25lt[?12l[?25h[?25l [?12l[?25h[?25lC[?12l[?25h[?25lr[?12l[?25h[?25lu[?12l[?25h[?25ls[?12l[?25h[?25lh[?12l[?25h[?25l [?12l[?25h[?25lb[?12l[?25h[?25ly[?12l[?25h[?25l [?12l[?25h[?25lD[?12l[?25h[?25la[?12l[?25h[?25lf[?12l[?25h[?25lt[23d[K[5;25H[?12l[?25h[?25l [?12l[?25h[?25lF[?12l[?25h[?25l [?12l[?25h[?25lP[?12l[?25h[?25lu[?12l[?25h[?25ln[?12l[?25h[?25lk[?12l[?25h[?25l[23d(B[0;7mSave modified buffer?  (Answering "No" will DISCARD changes.)                   [24;1H Y(B[m Yes[K[25d(B[0;7m N(B[m No  [14G   (B[0;7m^C(B[m Cancel[K[23;63H[?12l[?25h[?25l[24d(B[0;7m^G(B[m Get Help[24;21H(B[0;7mM-D(B[m DOS Format[41G(B[0;7mM-A(B[m Append[24;61H(B[0;7mM-B(B[m Backup File[25d(B[0;7m^C(B[m Cancel[17G    (B[0;7mM-M(B[m Mac Format[41G(B[0;7mM-P(B[m Prepend[25;61H(B[0;7m^T(B[m To Files[23d(B[0;7mFile Name to Write: writeup.txt                              (B[m[23;32H[?12l[?25h[?25l[K[1;79H[1;71H(B[0;7m        (B[m[23;32H(B[0;7m[ Wrote 3 lines ](B[m[J[25;80H[?12l[?25h[25;1H[?1049l[23;0;0t[?1l>rothc5@cf162-10:~/scsci241/lab-1-CalebRoth$ git add writeup.txt
rothc5@cf162-10:~/scsci241/lab-1-CalebRoth$ git commit -m "added [K song to writeup .txt"
[question3 e6e5e06] added song to writeup.txt
 1 file changed, 1 insertion(+)
rothc5@cf162-10:~/scsci241/lab-1-CalebRoth$ git checkout master
Switched to branch 'master'
Your branch is up to date with 'origin/master'.
rothc5@cf162-10:~/scsci241/lab-1-CalebRoth$ git merge question3
Updating dd73878..e6e5e06
Fast-forward
 writeup.txt | 1 [32m+[m
 1 file changed, 1 insertion(+)
rothc5@cf162-10:~/scsci241/lab-1-CalebRoth$ git branch -d question3
Deleted branch question3 (was e6e5e06).
rothc5@cf162-10:~/scsci241/lab-1-CalebRoth$ gradle build

Welcome to Gradle 6.1!

Here are the highlights of this release:
 - Dependency cache is relocatable
 - Configurable compilation order between Groovy, Java & Scala
 - New sample projects in Gradle's documentation

For more details see https://docs.gradle.org/6.1/release-notes.html

Starting a Gradle Daemon (subsequent builds will be faster)


[2A[1B[1m> Starting Daemon[m[17D[1B[1A> IDLE[0K[6D[1B[2A[1m<[0;1m-------------> 0% INITIALIZING [91ms][m[38D[1B[1m> Evaluating settings[m[21D[1B[2A[1m<[0;1m-------------> 0% INITIALIZING [191ms][m[39D[2B[2A[1m<[0;1m-------------> 0% INITIALIZING [291ms][m[39D[2B[2A[1m<[0;1m-------------> 0% INITIALIZING [391ms][m[39D[2B[2A[1m<[0;1m-------------> 0% INITIALIZING [491ms][m[39D[1B[1m> Evaluating settings > Compiling /home/rothc5/scsci241/lab-1-CalebRoth/setting[m[79D[1B[2A[1m<[0;1m-------------> 0% INITIALIZING [591ms][m[39D[2B[2A[1m<[0;1m-------------> 0% INITIALIZING [691ms][m[39D[2B[2A[1m<[0;1m-------------> 0% CONFIGURING [791ms][m[0K[38D[1B[1m> Loading projects[m[0K[18D[1B[2A[1m<[0;1m-------------> 0% CONFIGURING [891ms][m[38D[1B[1m> root project[m[0K[14D[1B[2A[1m<[0;1m-------------> 0% CONFIGURING [991ms][m[38D[2B[2A[1m<[0;1m-------------> 0% CONFIGURING [1s][m[0K[35D[2B[1A[1m> root project > Compiling /home/rothc5/scsci241/lab-1-CalebRoth/build.gradle i[m[79D[1B[2A[1m<[0;32;1m=============[0;39;1m> 100% CONFIGURING [1s][m[37D[1B> IDLE[0K[6D[1B[2A[1m<[0;1m-------------> 0% EXECUTING [1s][m[0K[33D[1B[1m> :compileJava[m[14D[1B[1A[1m> :compileJava > Resolve dependencies of :compileClasspath[m[58D[1B[2A[1m<[0;1m-------------> 0% EXECUTING [2s][m[33D[2B[1A[1m> :compileJava > Resolve files of :compileClasspath[m[0K[51D[1B[2A[1m<[0;1m-------------> 0% EXECUTING [3s][m[33D[1B[1m> :compileJava[m[0K[14D[1B[2A[1m<[0;1m-------------> 0% EXECUTING [4s][m[33D[2B[2A[1m<[0;1m-------------> 0% EXECUTING [5s][m[33D[2B[2A[1m<[0;1m-------------> 0% EXECUTING [6s][m[33D[2B[2A[1m<[0;1m-------------> 0% EXECUTING [7s][m[33D[2B[2A[1m<[0;32;1m==[0;39;1m-----------> 21% EXECUTING [7s][m[34D[1B[1m> :jar[m[0K[6D[1B[2A[1m<[0;32;1m===[0;39;1m----------> 28% EXECUTING [7s][m[34D[1B[1m> :startScripts[m[15D[1B[2A[1m<[0;32;1m====[0;39;1m---------> 35% EXECUTING [7s][m[34D[1B[1m> :distTar[m[0K[10D[1B[2A[1m<[0;32;1m=====[0;39;1m--------> 42% EXECUTING [7s][m[34D[1B[1m> :distZip[m[10D[1B[2A[1m<[0;32;1m=======[0;39;1m------> 57% EXECUTING [7s][m[34D[1B[1m> :compileTestJava[m[18D[1B[2A[0K
[32;1mBUILD SUCCESSFUL[0;39m in 9s
5 actionable tasks: 5 executed
[0K
[0K
[2A[1m<[0;1m-------------> 0% WAITING[m[26D[1B> IDLE[6D[1B[2A[2K[1B[2K[1A[0m[?12l[?25hrothc5@cf162-10:~/scsci241/lab-1-CalebRoth$ gra[Kadle run


[2A[1m<[0;1m-------------> 0% EXECUTING [63ms][m[35D[1B[1m> :compileJava > Resolve dependencies of :compileClasspath[m[58D[1B[2A[0K
[1m> Task :run[m[0K
Hello, world!

[32;1mBUILD SUCCESSFUL[0;39m in 453ms
2 actionable tasks: 1 executed, 1 up-to-date
[0K
[0K
[2A[1m<[0;1m-------------> 0% WAITING[m[26D[1B[1m> :compileJava > Resolve dependencies of :compileClasspath[m[58D[1B[2A[2K[1B[2K[1A[0m[?12l[?25hrothc5@cf162-10:~/scsci241/lab-1-CalebRoth$ cd src
rothc5@cf162-10:~/scsci241/lab-1-CalebRoth/src$ cd main
rothc5@cf162-10:~/scsci241/lab-1-CalebRoth/src/main$ cd java
rothc5@cf162-10:~/scsci241/lab-1-CalebRoth/src/main/java$ cd lab1
rothc5@cf162-10:~/scsci241/lab-1-CalebRoth/src/main/java/lab1$ cd Hello[K[K[K[K[K[K[K[Knano Hello.java
[?1049h[22;0;0t[1;25r(B[m[4l[?7h[39;49m[?1h=[?1h=[?1h=[?25l[39;49m(B[m[H[2J[23;33H(B[0;7m[ Reading File ](B[m[23;39H(B[0;7m 7 lines ](B[m[H(B[0;7m  GNU nano 2.9.3                      Hello.java                                [1;79H(B[m[24d(B[0;7m^G(B[m Get Help  (B[0;7m^O(B[m Write Out (B[0;7m^W(B[m Where Is  (B[0;7m^K(B[m Cut Text  (B[0;7m^J(B[m Justify   (B[0;7m^C(B[m Cur Pos[25d(B[0;7m^X(B[m Exit[14G(B[0;7m^R(B[m Read File (B[0;7m^\(B[m Replace   (B[0;7m^U(B[m Uncut Text(B[0;7m^T(B[m To Spell  (B[0;7m^_(B[m Go To Line[23d[3d[39;49m[36mpackage[39m(B[m lab1;[5d[36mpublic[39m(B[m [36mclass[39m(B[m Hello {[6;3H[36mpublic[39m(B[m [36mstatic[39m(B[m [32mvoid[39m(B[m main(String[] args) {[7;5HSystem.out.println([31m"Hello, world!"[39m(B[m);[8;3H}[9d}[3d[?12l[?25h[?25l[4d[?12l[?25h[?25l[5d[?12l[?25h[?25l[6d[?12l[?25h[?25l[7d[?12l[?25h[?25l [?12l[?25h[?25l [?12l[?25h[?25l [?12l[?25h[?25l [?12l[?25h[?25lS[?12l[?25h[?25ly[?12l[?25h[?25ls[?12l[?25h[?25lt[?12l[?25h[?25le[?12l[?25h[?25lm[?12l[?25h[?25l.[?12l[?25h[?25lo[?12l[?25h[?25lu[?12l[?25h[?25lt[?12l[?25h[?25l.[?12l[?25h[?25lp[?12l[?25h[?25lr[?12l[?25h[?25li[?12l[?25h[?25ln[?12l[?25h[?25lt[?12l[?25h[?25ll[?12l[?25h[?25l[23d[K[7;23H[?12l[?25h[?25l([?12l[?25h[?25l[C[?12l[?25h[?25l[C[?12l[?25h[?25l[C[?12l[?25h[?25l[C[?12l[?25h[?25l[C[?12l[?25h[?25l[C[?12l[?25h[?25l[C[?12l[?25h[?25l[C[?12l[?25h[?25l[C[?12l[?25h[?25l[C[?12l[?25h[?25l[C[?12l[?25h[?25l[C[?12l[?25h[?25l[C[?12l[?25h[?25l[C[?12l[?25h[?25l[1;71H(B[0;7mModified(B[m[7;37H[31m"[39m(B[m);[K[?12l[?25h[?25l[31m"[39m(B[m);[K[?12l[?25h[?25l[31m"[39m(B[m);[K[?12l[?25h[?25l[31m"[39m(B[m);[K[?12l[?25h[?25l[31m"[39m(B[m);[K[?12l[?25h[?25l[31m"[39m(B[m);[K[?12l[?25h[?25l[31m"[39m(B[m);[K[?12l[?25h[?25l[31m"[39m(B[m);[K[?12l[?25h[?25l[31m"[39m(B[m);[K[?12l[?25h[?25l[31ml"[39m(B[m);[K[?12l[?25h[?25l[31m"[39m(B[m);[K[?12l[?25h[?25l[31m"[39m(B[m);[K[?12l[?25h[?25l[31m"[39m(B[m);[K[?12l[?25h[?25l");[K[?12l[?25h[?25l"[?12l[?25h[?25l);[K[?12l[?25h[?25la);[?12l[?25h[?25lr);[?12l[?25h[?25lg);[?12l[?25h[?25ls);[?12l[?25h[?25l[23d(B[0;7mSave modified buffer?  (Answering "No" will DISCARD changes.)                   [24;1H Y(B[m Yes[K[25d(B[0;7m N(B[m No  [14G   (B[0;7m^C(B[m Cancel[K[23;63H[?12l[?25h[?25l[24d(B[0;7m^G(B[m Get Help[24;21H(B[0;7mM-D(B[m DOS Format[41G(B[0;7mM-A(B[m Append[24;61H(B[0;7mM-B(B[m Backup File[25d(B[0;7m^C(B[m Cancel[17G    (B[0;7mM-M(B[m Mac Format[41G(B[0;7mM-P(B[m Prepend[25;61H(B[0;7m^T(B[m To Files[23d(B[0;7mFile Name to Write: Hello.java                               (B[m[23;31H[?12l[?25h[?25l[K[1;79H[1;71H(B[0;7m        (B[m[23;32H(B[0;7m[ Wrote 7 lines ](B[m[J[25;80H[?12l[?25h[25;1H[?1049l[23;0;0t[?1l>rothc5@cf162-10:~/scsci241/lab-1-CalebRoth/src/main/java/lab1$ cd
rothc5@cf162-10:~$ cd[K[Kcd csci[K[K[K[Kscsci241
rothc5@cf162-10:~/scsci241$ cd lab-1-Cla[K[KalebROth[K[K[Koth
rothc5@cf162-10:~/scsci241/lab-1-CalebRoth$ gradle run --args="Hell [Ko Sky"[K."


[1A[1m> Connecting to Daemon[m[22D[1B[2A[1m<[0;1m-------------> 0% EXECUTING [71ms][m[35D[1B[1m> :compileJava > Resolve dependencies of :compileClasspath[m[58D[1B[2A[1m<[0;32;1m=========[0;39;1m----> 75% EXECUTING [171ms][m[37D[1B[1m> :run[m[0K[6D[1B[2A[0K
[1m> Task :run[m
[Ljava.lang.String;@4dc63996

[32;1mBUILD SUCCESSFUL[0;39m in 512ms
2 actionable tasks: 2 executed
[0K
[0K
[2A[1m<[0;1m-------------> 0% WAITING[m[26D[1B[1m> :run[m[6D[1B[2A[2K[1B[2K[1A[0m[?12l[?25hrothc5@cf162-10:~/scsci241/lab-1-CalebRoth$ gradle build


[2A[1m<[0;32;1m====[0;39;1m---------> 35% EXECUTING [85ms][m[36D[1B[1m> :distTar[m[10D[1B[2A[1m<[0;32;1m=====[0;39;1m--------> 42% EXECUTING [185ms][m[37D[1B[1m> :distZip[m[10D[1B[2A[1m<[0;32;1m=====[0;39;1m--------> 42% EXECUTING [285ms][m[37D[2B[2A[0K
[32;1mBUILD SUCCESSFUL[0;39m in 647ms
5 actionable tasks: 3 executed, 2 up-to-date
[0K
[0K
[2A[1m<[0;1m-------------> 0% WAITING[m[26D[1B[1m> :distZip[m[10D[1B[1A> IDLE[0K[6D[1B[2A[2K[1B[2K[1A[0m[?12l[?25hrothc5@cf162-10:~/scsci241/lab-1-CalebRoth$ gradle run --args-=[K[K-[K="hell[K[K[K[KH[KHello D[KSky"


[1A[1m> Connecting to Daemon[m[22D[1B[2A[1m<[0;32;1m=========[0;39;1m----> 75% EXECUTING [75ms][m[36D[1B[1m> :run[m[0K[6D[1B[2A[0K
[1m> Task :run[m
[Ljava.lang.String;@4dc63996

[32;1mBUILD SUCCESSFUL[0;39m in 397ms
2 actionable tasks: 1 executed, 1 up-to-date
[0K
[0K
[2A[1m<[0;1m-------------> 0% WAITING[m[26D[1B[1m> :run[m[6D[1B[2A[2K[1B[2K[1A[0m[?12l[?25hrothc5@cf162-10:~/scsci241/lab-1-CalebRoth$ gradle run

[1A
[1m> Task :run[m
[Ljava.lang.String;@4dc63996

[32;1mBUILD SUCCESSFUL[0;39m in 386ms

[1A[1m<[0;32;1m=============[0;39;1m> 100% EXECUTING [86ms][m[37D[1B[1A2 actionable tasks: 1 executed, 1 up-to-date
[0K
[1A[1m<[0;1m-------------> 0% WAITING[m[26D[1B[1A[2K[0m[?12l[?25hrothc5@cf162-10:~/scsci241/lab-1-CalebRoth$ cd src/main/java/lab1
rothc5@cf162-10:~/scsci241/lab-1-CalebRoth/src/main/java/lab1$ nano Hello.java
[?1049h[22;0;0t[1;25r(B[m[4l[?7h[39;49m[?1h=[?1h=[?1h=[?25l[39;49m(B[m[H[2J[23;33H(B[0;7m[ Reading File ](B[m[23;39H(B[0;7m 7 lines ](B[m[H(B[0;7m  GNU nano 2.9.3                      Hello.java                                [1;79H(B[m[24d(B[0;7m^G(B[m Get Help  (B[0;7m^O(B[m Write Out (B[0;7m^W(B[m Where Is  (B[0;7m^K(B[m Cut Text  (B[0;7m^J(B[m Justify   (B[0;7m^C(B[m Cur Pos[25d(B[0;7m^X(B[m Exit[14G(B[0;7m^R(B[m Read File (B[0;7m^\(B[m Replace   (B[0;7m^U(B[m Uncut Text(B[0;7m^T(B[m To Spell  (B[0;7m^_(B[m Go To Line[23d[3d[39;49m[36mpackage[39m(B[m lab1;[5d[36mpublic[39m(B[m [36mclass[39m(B[m Hello {[6;3H[36mpublic[39m(B[m [36mstatic[39m(B[m [32mvoid[39m(B[m main(String[] args) {[7;5HSystem.out.println(args);[8;3H}[9d}[3d[?12l[?25h[?25l[4d[?12l[?25h[?25l[5d[?12l[?25h[?25l[C[?12l[?25h[?25l[C[?12l[?25h[?25l[6d[?12l[?25h[?25l[C[?12l[?25h[?25l[C[?12l[?25h[?25l[C[?12l[?25h[?25l[C[?12l[?25h[?25l[C[?12l[?25h[?25l[C[?12l[?25h[?25l [?12l[?25h[?25l[C[?12l[?25h[?25l[C[?12l[?25h[?25l[C[?12l[?25h[?25l[C[?12l[?25h[?25l[C[?12l[?25h[?25l[C[?12l[?25h[?25l [?12l[?25h[?25l[C[?12l[?25h[?25l[C[?12l[?25h[?25l[C[?12l[?25h[?25l[C[?12l[?25h[?25l[7dl[?12l[?25h[?25l[23d[K[7;23H[?12l[?25h[?25l([?12l[?25h[?25l[?12l[?25h[?25l[1;71H(B[0;7mModified(B[m[7;23H (args);[24G[?12l[?25h[?25l[1P[?12l[?25h[?25l([?12l[?25h[?25l args);[25G[?12l[?25h[?25l[1P[?12l[?25h[?25l"args);[25G[?12l[?25h[?25lHargs);[26G[?12l[?25h[?25leargs);[27G[?12l[?25h[?25llargs);[28G[?12l[?25h[?25lllargs);[29G[?12l[?25h[?25loargs);[30G[?12l[?25h[?25l args);[31G[?12l[?25h[?25l[1P[?12l[?25h[?25l args);[31G[?12l[?25h[?25l[24G[31m"Hello "[39m(B[margs);[32G[?12l[?25h[?25l args);[33G[?12l[?25h[?25l[1P[?12l[?25h[?25l args);[33G[?12l[?25h[?25l[23d(B[0;7mSave modified buffer?  (Answering "No" will DISCARD changes.)                   [24;1H Y(B[m Yes[K[25d(B[0;7m N(B[m No  [14G   (B[0;7m^C(B[m Cancel[K[23;63H[?12l[?25h[?25l[24d(B[0;7m^G(B[m Get Help[24;21H(B[0;7mM-D(B[m DOS Format[41G(B[0;7mM-A(B[m Append[24;61H(B[0;7mM-B(B[m Backup File[25d(B[0;7m^C(B[m Cancel[17G    (B[0;7mM-M(B[m Mac Format[41G(B[0;7mM-P(B[m Prepend[25;61H(B[0;7m^T(B[m To Files[23d(B[0;7mFile Name to Write: Hello.java                               (B[m[23;31H[?12l[?25h[?25l[K[1;79H[1;71H(B[0;7m        (B[m[23;32H(B[0;7m[ Wrote 7 lines ](B[m[J[25;80H[?12l[?25h[25;1H[?1049l[23;0;0t[?1l>rothc5@cf162-10:~/scsci241/lab-1-CalebRoth/src/main/java/lab1$ cd
rothc5@cf162-10:~$ cd scsci241/lab-1-CalebRoth
rothc5@cf162-10:~/scsci241/lab-1-CalebRoth$ git bu[K[K[K[K[K[Kgradle build


[2A[1m<[0;1m-------------> 0% EXECUTING [88ms][m[35D[1B[1m> :compileJava[m[14D[1B[2A[0K
[31;1m> Task :compileJava[0;39m[31m FAILED[39m
/home/rothc5/scsci241/lab-1-CalebRoth/src/main/java/lab1/Hello.java:5: error: ')' expected
    System.out.println("Hello " args);
                               ^
/home/rothc5/scsci241/lab-1-CalebRoth/src/main/java/lab1/Hello.java:5: error: not a statement
    System.out.println("Hello " args);
                                ^
/home/rothc5/scsci241/lab-1-CalebRoth/src/main/java/lab1/Hello.java:5: error: ';' expected
    System.out.println("Hello " args);
                                    ^
3 errors

[31mFAILURE: [39m[31mBuild failed with an exception.[39m

* What went wrong:
Execution failed for task ':compileJava'.
[33m> [39mCompilation failed; see the compiler error output for details.

* Try:
Run with [1m--stacktrace[m option to get the stack trace. Run with [1m--info[m or [1m--debug[m option to get more log output. Run with [1m--scan[m to get full insights.

* Get more help at [1mhttps://help.gradle.org[m

[31;1mBUILD FAILED[0;39m in 434ms
1 actionable task: 1 executed
[0K
[0K
[2A[1m<[0;1m-------------> 0% WAITING[m[26D[1B[1m> :compileJava[m[14D[1B[2A[2K[1B[2K[1A[0m[?12l[?25hrothc5@cf162-10:~/scsci241/lab-1-CalebRoth$ git [K[K[K[Knano src/main/java/lab1/Hello.jave[Ka
[?1049h[22;0;0t[1;25r(B[m[4l[?7h[39;49m[?1h=[?1h=[?1h=[?25l[39;49m(B[m[H[2J[23;33H(B[0;7m[ Reading File ](B[m[23;39H(B[0;7m 7 lines ](B[m[H(B[0;7m  GNU nano 2.9.3            src/main/java/lab1/Hello.java                       [1;79H(B[m[24d(B[0;7m^G(B[m Get Help  (B[0;7m^O(B[m Write Out (B[0;7m^W(B[m Where Is  (B[0;7m^K(B[m Cut Text  (B[0;7m^J(B[m Justify   (B[0;7m^C(B[m Cur Pos[25d(B[0;7m^X(B[m Exit[14G(B[0;7m^R(B[m Read File (B[0;7m^\(B[m Replace   (B[0;7m^U(B[m Uncut Text(B[0;7m^T(B[m To Spell  (B[0;7m^_(B[m Go To Line[23d[3d[39;49m[36mpackage[39m(B[m lab1;[5d[36mpublic[39m(B[m [36mclass[39m(B[m Hello {[6;3H[36mpublic[39m(B[m [36mstatic[39m(B[m [32mvoid[39m(B[m main(String[] args) {[7;5HSystem.out.println([31m"Hello "[39m(B[m args);[8;3H}[9d}[3d[?12l[?25h[?25l[4d[?12l[?25h[?25l[5d[?12l[?25h[?25l[C[?12l[?25h[?25l[C[?12l[?25h[?25l[C[?12l[?25h[?25l[C[?12l[?25h[?25l[C[?12l[?25h[?25l[C[?12l[?25h[?25l [?12l[?25h[?25l[C[?12l[?25h[?25l[C[?12l[?25h[?25l[C[?12l[?25h[?25l[C[?12l[?25h[?25l[C[?12l[?25h[?25l [?12l[?25h[?25lH[?12l[?25h[?25le[?12l[?25h[?25ll[?12l[?25h[?25ll[?12l[?25h[?25lo[?12l[?25h[?25l [?12l[?25h[?25l{[?12l[?25h[?25l[6d[?12l[?25h[?25l [?12l[?25h[?25l [?12l[?25h[?25l[23d[K[6;4H[?12l[?25h[?25l[C[?12l[?25h[?25l[C[?12l[?25h[?25l[7d[?12l[?25h[?25ly[?12l[?25h[?25ls[?12l[?25h[?25lt[?12l[?25h[?25le[?12l[?25h[?25lm[?12l[?25h[?25l.[?12l[?25h[?25lo[?12l[?25h[?25lu[?12l[?25h[?25lt[?12l[?25h[?25l.[?12l[?25h[?25lp[?12l[?25h[?25lr[?12l[?25h[?25li[?12l[?25h[?25ln[?12l[?25h[?25lt[?12l[?25h[?25ll[?12l[?25h[?25ln[?12l[?25h[?25l([?12l[?25h[?25l[C[?12l[?25h[?25l[C[?12l[?25h[?25l[C[?12l[?25h[?25l[C[?12l[?25h[?25l[C[?12l[?25h[?25l[C[?12l[?25h[?25l[C[?12l[?25h[?25l[C[?12l[?25h[?25l [?12l[?25h[?25la[?12l[?25h[?25lr[?12l[?25h[?25lg[?12l[?25h[?25ls[?12l[?25h[?25l[?12l[?25h[?25l[?12l[?25h[?25l[?12l[?25h[?25l[?12l[?25h[?25l[1;71H(B[0;7mModified(B[m[7;33H+args);[34G[?12l[?25h[?25l args);[35G[?12l[?25h[?25l[23d(B[0;7mSave modified buffer?  (Answering "No" will DISCARD changes.)                   [24;1H Y(B[m Yes[K[25d(B[0;7m N(B[m No  [14G   (B[0;7m^C(B[m Cancel[K[23;63H[?12l[?25h[?25l[24d(B[0;7m^G(B[m Get Help[24;21H(B[0;7mM-D(B[m DOS Format[41G(B[0;7mM-A(B[m Append[24;61H(B[0;7mM-B(B[m Backup File[25d(B[0;7m^C(B[m Cancel[17G    (B[0;7mM-M(B[m Mac Format[41G(B[0;7mM-P(B[m Prepend[25;61H(B[0;7m^T(B[m To Files[23d(B[0;7mFile Name to Write: src/main/java/lab1/Hello.java            (B[m[23;50H[?12l[?25h[?25l[K[1;79H[1;71H(B[0;7m        (B[m[23;32H(B[0;7m[ Wrote 7 lines ](B[m[J[25;80H[?12l[?25h[25;1H[?1049l[23;0;0t[?1l>rothc5@cf162-10:~/scsci241/lab-1-CalebRoth$ gradle build


[2A[1m<[0;1m-------------> 0% EXECUTING [82ms][m[35D[1B[1m> :compileJava[m[14D[1B[2A[1m<[0;32;1m====[0;39;1m---------> 35% EXECUTING [182ms][m[37D[1B[1m> :distTar[m[0K[10D[1B[2A[1m<[0;32;1m=====[0;39;1m--------> 42% EXECUTING [282ms][m[37D[1B[1m> :distZip[m[10D[1B[2A[0K
[32;1mBUILD SUCCESSFUL[0;39m in 663ms
5 actionable tasks: 4 executed, 1 up-to-date
[0K
[0K
[2A[1m<[0;1m-------------> 0% WAITING[m[26D[1B[1m> :distZip[m[10D[1B[2A[2K[1B[2K[1A[0m[?12l[?25hrothc5@cf162-10:~/scsci241/lab-1-CalebRoth$ gradle run


[2A[1m<[0;32;1m=========[0;39;1m----> 75% EXECUTING [88ms][m[36D[1B[1m> :run[m[6D[1B[2A[0K
[1m> Task :run[m
Hello [Ljava.lang.String;@24d46ca6

[32;1mBUILD SUCCESSFUL[0;39m in 406ms
2 actionable tasks: 1 executed, 1 up-to-date
[0K
[0K
[2A[1m<[0;1m-------------> 0% WAITING[m[26D[1B[1m> :run[m[6D[1B[2A[2K[1B[2K[1A[0m[?12l[?25hrothc5@cf162-10:~/scsci241/lab-1-CalebRoth$ gradle run --args="Sky"


[2A[1m<[0;32;1m=========[0;39;1m----> 75% EXECUTING [83ms][m[36D[1B[1m> :run[m[6D[1B[2A[0K
[1m> Task :run[m
Hello [Ljava.lang.String;@24d46ca6

[32;1mBUILD SUCCESSFUL[0;39m in 400ms
2 actionable tasks: 1 executed, 1 up-to-date
[0K
[0K
[2A[1m<[0;1m-------------> 0% WAITING[m[26D[1B[1m> :run[m[6D[1B[2A[2K[1B[2K[1A[0m[?12l[?25hrothc5@cf162-10:~/scsci241/lab-1-CalebRoth$ nano src/main/java/lab1/Hello.jave[Ka
[?1049h[22;0;0t[1;25r(B[m[4l[?7h[39;49m[?1h=[?1h=[?1h=[?25l[39;49m(B[m[H[2J[23;33H(B[0;7m[ Reading File ](B[m[23;39H(B[0;7m 7 lines ](B[m[H(B[0;7m  GNU nano 2.9.3            src/main/java/lab1/Hello.java                       [1;79H(B[m[24d(B[0;7m^G(B[m Get Help  (B[0;7m^O(B[m Write Out (B[0;7m^W(B[m Where Is  (B[0;7m^K(B[m Cut Text  (B[0;7m^J(B[m Justify   (B[0;7m^C(B[m Cur Pos[25d(B[0;7m^X(B[m Exit[14G(B[0;7m^R(B[m Read File (B[0;7m^\(B[m Replace   (B[0;7m^U(B[m Uncut Text(B[0;7m^T(B[m To Spell  (B[0;7m^_(B[m Go To Line[23d[3d[39;49m[36mpackage[39m(B[m lab1;[5d[36mpublic[39m(B[m [36mclass[39m(B[m Hello {[6;3H[36mpublic[39m(B[m [36mstatic[39m(B[m [32mvoid[39m(B[m main(String[] args) {[7;5HSystem.out.println([31m"Hello "[39m(B[m + args);[8;3H}[9d}[3d[?12l[?25h[?25l[?12l[?25h[?25l[?12l[?25h[?25l[4d[?12l[?25h[?25l[5d[?12l[?25h[?25l[C[?12l[?25h[?25l[6d[?12l[?25h[?25l [?12l[?25h[?25l[C[?12l[?25h[?25l[C[?12l[?25h[?25l[C[?12l[?25h[?25l[C[?12l[?25h[?25l[C[?12l[?25h[?25l[C[?12l[?25h[?25l [?12l[?25h[?25l[C[?12l[?25h[?25l[C[?12l[?25h[?25l[C[?12l[?25h[?25l[C[?12l[?25h[?25l[C[?12l[?25h[?25l[C[?12l[?25h[?25l [?12l[?25h[?25l[C[?12l[?25h[?25l[C[?12l[?25h[?25l[C[?12l[?25h[?25l[C[?12l[?25h[?25l[23d[K[6;22H[?12l[?25h[?25lm[?12l[?25h[?25la[?12l[?25h[?25li[?12l[?25h[?25ln[?12l[?25h[?25l([?12l[?25h[?25l[7d[?12l[?25h[?25l[C[?12l[?25h[?25l[C[?12l[?25h[?25l[C[?12l[?25h[?25l[C[?12l[?25h[?25l[C[?12l[?25h[?25l [?12l[?25h[?25l+[?12l[?25h[?25l [?12l[?25h[?25la[?12l[?25h[?25lr[?12l[?25h[?25lg[?12l[?25h[?25ls[?12l[?25h[?25l)[?12l[?25h[?25l[?12l[?25h[?25l[1;71H(B[0;7mModified(B[m[7;39H');[?12l[?25h[?25l'');[?12l[?25h[?25l''');[?12l[?25h[?25l'');[K[?12l[?25h[?25l');[K[?12l[?25h[?25l);[K[?12l[?25h[?25l7[8;23r8[8dM[1;25r[7;39H[K[8d);[?12l[?25h[?25l[8;23r[23;1H
[1;25r[7;39H);[?12l[?25h[?25l;);[?12l[?25h[?25l;;);[?12l[?25h[?25l;);[K[?12l[?25h[?25l);[K[?12l[?25h[?25l[?12l[?25h[?25l[?12l[?25h[?25l[?12l[?25h[?25l[?12l[?25h[?25l[A[?12l[?25h[?25l [?12l[?25h[?25la[?12l[?25h[?25lr[?12l[?25h[?25lg[?12l[?25h[?25ls[?12l[?25h[?25l[?12l[?25h[?25ls[?12l[?25h[?25l) {[K[?12l[?25h[?25l) {[K[?12l[?25h[?25l) {[K[?12l[?25h[?25l) {[K[?12l[?25h[?25la) {[?12l[?25h[?25lr) {[?12l[?25h[?25lg) {[?12l[?25h[?25ls) {[?12l[?25h[?25l[7d[?12l[?25h[?25l[?12l[?25h[?25l);[K[?12l[?25h[?25l);[K[?12l[?25h[?25l);[K[?12l[?25h[?25l);[K[?12l[?25h[?25la);[?12l[?25h[?25lr);[?12l[?25h[?25lg);[?12l[?25h[?25ls);[?12l[?25h[?25l[?12l[?25h[?25l[?12l[?25h[?25l[?12l[?25h[?25l[?12l[?25h[?25l[23d(B[0;7mSave modified buffer?  (Answering "No" will DISCARD changes.)                   [24;1H Y(B[m Yes[K[25d(B[0;7m N(B[m No  [14G   (B[0;7m^C(B[m Cancel[K[23;63H[?12l[?25h[?25l[24d(B[0;7m^G(B[m Get Help[24;21H(B[0;7mM-D(B[m DOS Format[41G(B[0;7mM-A(B[m Append[24;61H(B[0;7mM-B(B[m Backup File[25d(B[0;7m^C(B[m Cancel[17G    (B[0;7mM-M(B[m Mac Format[41G(B[0;7mM-P(B[m Prepend[25;61H(B[0;7m^T(B[m To Files[23d(B[0;7mFile Name to Write: src/main/java/lab1/Hello.java            (B[m[23;50H[?12l[?25h[?25l[K[1;79H[1;71H(B[0;7m        (B[m[23;32H(B[0;7m[ Wrote 7 lines ](B[m[J[25;80H[?12l[?25h[25;1H[?1049l[23;0;0t[?1l>rothc5@cf162-10:~/scsci241/lab-1-CalebRoth$ grade[Kle run --args="Sky"[K[K[K[Ksky"


[2A[1m<[0;32;1m=========[0;39;1m----> 75% EXECUTING [84ms][m[36D[1B[1m> :run[m[6D[1B[2A[0K
[1m> Task :run[m
Hello [Ljava.lang.String;@24d46ca6

[32;1mBUILD SUCCESSFUL[0;39m in 424ms
2 actionable tasks: 1 executed, 1 up-to-date
[0K
[0K
[2A[1m<[0;1m-------------> 0% WAITING[m[26D[1B[1m> :run[m[6D[1B[2A[2K[1B[2K[1A[0m[?12l[?25hrothc5@cf162-10:~/scsci241/lab-1-CalebRoth$ sr[K[Ksrc/main/java/lab1/Hello.java[K[K[K[K[K[K[K[K[K[K[K[K[K[K[K[K[K[K[K[K[K[K[K[K[K[K[K[K[Knano src/main/java/lab1/Hello.java
[?1049h[22;0;0t[1;25r(B[m[4l[?7h[39;49m[?1h=[?1h=[?1h=[?25l[39;49m(B[m[H[2J[23;33H(B[0;7m[ Reading File ](B[m[23;39H(B[0;7m 7 lines ](B[m[H(B[0;7m  GNU nano 2.9.3            src/main/java/lab1/Hello.java                       [1;79H(B[m[24d(B[0;7m^G(B[m Get Help  (B[0;7m^O(B[m Write Out (B[0;7m^W(B[m Where Is  (B[0;7m^K(B[m Cut Text  (B[0;7m^J(B[m Justify   (B[0;7m^C(B[m Cur Pos[25d(B[0;7m^X(B[m Exit[14G(B[0;7m^R(B[m Read File (B[0;7m^\(B[m Replace   (B[0;7m^U(B[m Uncut Text(B[0;7m^T(B[m To Spell  (B[0;7m^_(B[m Go To Line[23d[3d[39;49m[36mpackage[39m(B[m lab1;[5d[36mpublic[39m(B[m [36mclass[39m(B[m Hello {[6;3H[36mpublic[39m(B[m [36mstatic[39m(B[m [32mvoid[39m(B[m main(String[] args) {[7;5HSystem.out.println([31m"Hello "[39m(B[m + args);[8;3H}[9d}[3d[?12l[?25h[?25l[4d[?12l[?25h[?25l[5d[?12l[?25h[?25l[C[?12l[?25h[?25l[C[?12l[?25h[?25l[C[?12l[?25h[?25l[6d[?12l[?25h[?25l[C[?12l[?25h[?25l[C[?12l[?25h[?25l[C[?12l[?25h[?25l[C[?12l[?25h[?25l[C[?12l[?25h[?25l [?12l[?25h[?25l[C[?12l[?25h[?25l[C[?12l[?25h[?25l[C[?12l[?25h[?25l[C[?12l[?25h[?25l[C[?12l[?25h[?25l[C[?12l[?25h[?25l [?12l[?25h[?25l[C[?12l[?25h[?25l[C[?12l[?25h[?25l[C[?12l[?25h[?25l[C[?12l[?25h[?25l [?12l[?25h[?25lm[?12l[?25h[?25l[23d[K[6;24H[?12l[?25h[?25li[?12l[?25h[?25ln[?12l[?25h[?25l([?12l[?25h[?25lS[?12l[?25h[?25lt[?12l[?25h[?25lr[?12l[?25h[?25li[?12l[?25h[?25ln[?12l[?25h[?25lg[?12l[?25h[?25l[[?12l[?25h[?25l][?12l[?25h[?25l [?12l[?25h[?25la[?12l[?25h[?25lr[?12l[?25h[?25l[7d[?12l[?25h[?25ls[?12l[?25h[?25l[?12l[?25h[?25ls[?12l[?25h[?25l[1;71H(B[0;7mModified(B[m[7;38H);[K[?12l[?25h[?25l);[K[?12l[?25h[?25l);[K[?12l[?25h[?25l);[K[?12l[?25h[?25lh);[?12l[?25h[?25lr);[?12l[?25h[?25ly);[?12l[?25h[?25l);[K[?12l[?25h[?25l);[K[?12l[?25h[?25l);[K[?12l[?25h[?25lg);[?12l[?25h[?25le);[?12l[?25h[?25lt);[?12l[?25h[?25l.);[?12l[?25h[?25l);[K[?12l[?25h[?25l);[K[?12l[?25h[?25l);[K[?12l[?25h[?25l);[K[?12l[?25h[?25la);[?12l[?25h[?25lr);[?12l[?25h[?25lg);[?12l[?25h[?25ls);[?12l[?25h[?25l.);[?12l[?25h[?25lg);[?12l[?25h[?25le);[?12l[?25h[?25lt);[?12l[?25h[?25l();[?12l[?25h[?25l0);[?12l[?25h[?25l));[?12l[?25h[?25l[23d(B[0;7mSave modified buffer?  (Answering "No" will DISCARD changes.)                   [24;1H Y(B[m Yes[K[25d(B[0;7m N(B[m No  [14G   (B[0;7m^C(B[m Cancel[K[23;63H[?12l[?25h[?25l[24d(B[0;7m^G(B[m Get Help[24;21H(B[0;7mM-D(B[m DOS Format[41G(B[0;7mM-A(B[m Append[24;61H(B[0;7mM-B(B[m Backup File[25d(B[0;7m^C(B[m Cancel[17G    (B[0;7mM-M(B[m Mac Format[41G(B[0;7mM-P(B[m Prepend[25;61H(B[0;7m^T(B[m To Files[23d(B[0;7mFile Name to Write: src/main/java/lab1/Hello.java            (B[m[23;50H[?12l[?25h[?25l[K[1;79H[1;71H(B[0;7m        (B[m[23;32H(B[0;7m[ Wrote 7 lines ](B[m[J[25;80H[?12l[?25h[25;1H[?1049l[23;0;0t[?1l>rothc5@cf162-10:~/scsci241/lab-1-CalebRoth$ gradle build


[2A[1m<[0;1m-------------> 0% EXECUTING [83ms][m[35D[1B[1m> :compileJava[m[14D[1B[2A[0K
[31;1m> Task :compileJava[0;39m[31m FAILED[39m
/home/rothc5/scsci241/lab-1-CalebRoth/src/main/java/lab1/Hello.java:5: error: cannot find symbol
    System.out.println("Hello " + args.get(0));
                                      ^
  symbol:   method get(int)
  location: variable args of type String[]
1 error

[31mFAILURE: [39m[31mBuild failed with an exception.[39m

* What went wrong:
Execution failed for task ':compileJava'.
[33m> [39mCompilation failed; see the compiler error output for details.

* Try:
Run with [1m--stacktrace[m option to get the stack trace. Run with [1m--info[m or [1m--debug[m option to get more log output. Run with [1m--scan[m to get full insights.

* Get more help at [1mhttps://help.gradle.org[m

[31;1mBUILD FAILED[0;39m in 430ms
1 actionable task: 1 executed
[0K
[0K
[2A[1m<[0;1m-------------> 0% WAITING[m[26D[1B[1m> :compileJava[m[14D[1B[1A> IDLE[0K[6D[1B[2A[2K[1B[2K[1A[0m[?12l[?25hrothc5@cf162-10:~/scsci241/lab-1-CalebRoth$ nao[Kno sc[Krv[Kc/main/java/lab1/Hello.java
[?1049h[22;0;0t[1;25r(B[m[4l[?7h[39;49m[?1h=[?1h=[?1h=[?25l[39;49m(B[m[H[2J[23;33H(B[0;7m[ Reading File ](B[m[23;39H(B[0;7m 7 lines ](B[m[H(B[0;7m  GNU nano 2.9.3            src/main/java/lab1/Hello.java                       [1;79H(B[m[24d(B[0;7m^G(B[m Get Help  (B[0;7m^O(B[m Write Out (B[0;7m^W(B[m Where Is  (B[0;7m^K(B[m Cut Text  (B[0;7m^J(B[m Justify   (B[0;7m^C(B[m Cur Pos[25d(B[0;7m^X(B[m Exit[14G(B[0;7m^R(B[m Read File (B[0;7m^\(B[m Replace   (B[0;7m^U(B[m Uncut Text(B[0;7m^T(B[m To Spell  (B[0;7m^_(B[m Go To Line[23d[3d[39;49m[36mpackage[39m(B[m lab1;[5d[36mpublic[39m(B[m [36mclass[39m(B[m Hello {[6;3H[36mpublic[39m(B[m [36mstatic[39m(B[m [32mvoid[39m(B[m main(String[] args) {[7;5HSystem.out.println([31m"Hello "[39m(B[m + args.get(0));[8;3H}[9d}[3d[?12l[?25h[?25l[4d[?12l[?25h[?25l[5d[?12l[?25h[?25l[6d[?12l[?25h[?25l[7d[?12l[?25h[?25l[8d[?12l[?25h[?25l[9d[?12l[?25h[?25l}[?12l[?25h[?25l[10d[?12l[?25h[?25l[?12l[?25h[?25l[?12l[?25h[?25l[?12l[?25h[?25l[?12l[?25h[?25l[?12l[?25h[?25l[?12l[?25h[?25l[?12l[?25h[?25l[?12l[?25h[?25l[A[?12l[?25h[?25l[A[?12l[?25h[?25l[A[?12l[?25h[?25l [?12l[?25h[?25l [?12l[?25h[?25l [?12l[?25h[?25l [?12l[?25h[?25lS[?12l[?25h[?25ly[?12l[?25h[?25l[23d[K[7;8H[?12l[?25h[?25lt[?12l[?25h[?25le[?12l[?25h[?25lm[?12l[?25h[?25l.[?12l[?25h[?25lo[?12l[?25h[?25lu[?12l[?25h[?25lt[?12l[?25h[?25l.[?12l[?25h[?25lp[?12l[?25h[?25lr[?12l[?25h[?25li[?12l[?25h[?25ln[?12l[?25h[?25lt[?12l[?25h[?25ll[?12l[?25h[?25ln[?12l[?25h[?25l([?12l[?25h[?25l[C[?12l[?25h[?25l[C[?12l[?25h[?25l[C[?12l[?25h[?25l[C[?12l[?25h[?25l[C[?12l[?25h[?25l[C[?12l[?25h[?25l[C[?12l[?25h[?25l[C[?12l[?25h[?25l [?12l[?25h[?25l+[?12l[?25h[?25l [?12l[?25h[?25la[?12l[?25h[?25lr[?12l[?25h[?25lg[?12l[?25h[?25ls[?12l[?25h[?25l.[?12l[?25h[?25lg[?12l[?25h[?25le[?12l[?25h[?25lt[?12l[?25h[?25l([?12l[?25h[?25l0[?12l[?25h[?25l)[?12l[?25h[?25l[1;71H(B[0;7mModified(B[m[7;46H;[K[?12l[?25h[?25l);[K[?12l[?25h[?25l);[K[?12l[?25h[?25l);[K[?12l[?25h[?25l);[K[?12l[?25h[?25l);[K[?12l[?25h[?25l);[K[?12l[?25h[?25l[);[?12l[?25h[?25l0);[?12l[?25h[?25l]);[?12l[?25h[?25l[23d(B[0;7mSave modified buffer?  (Answering "No" will DISCARD changes.)                   [24;1H Y(B[m Yes[K[25d(B[0;7m N(B[m No  [14G   (B[0;7m^C(B[m Cancel[K[23;63H[?12l[?25h[?25l[24d(B[0;7m^G(B[m Get Help[24;21H(B[0;7mM-D(B[m DOS Format[41G(B[0;7mM-A(B[m Append[24;61H(B[0;7mM-B(B[m Backup File[25d(B[0;7m^C(B[m Cancel[17G    (B[0;7mM-M(B[m Mac Format[41G(B[0;7mM-P(B[m Prepend[25;61H(B[0;7m^T(B[m To Files[23d(B[0;7mFile Name to Write: src/main/java/lab1/Hello.java            (B[m[23;50H[?12l[?25h[?25l[K[1;79H[1;71H(B[0;7m        (B[m[23;32H(B[0;7m[ Wrote 7 lines ](B[m[J[25;80H[?12l[?25h[25;1H[?1049l[23;0;0t[?1l>rothc5@cf162-10:~/scsci241/lab-1-CalebRoth$ gradle build


[2A[1m<[0;32;1m==[0;39;1m-----------> 21% EXECUTING [88ms][m[36D[1B[1m> :jar[m[6D[1B[2A[1m<[0;32;1m=====[0;39;1m--------> 42% EXECUTING [188ms][m[37D[1B[1m> :distZip[m[10D[1B[2A[1m<[0;32;1m=====[0;39;1m--------> 42% EXECUTING [288ms][m[37D[2B[2A[0K
[32;1mBUILD SUCCESSFUL[0;39m in 630ms
5 actionable tasks: 4 executed, 1 up-to-date
[0K
[0K
[2A[1m<[0;1m-------------> 0% WAITING[m[26D[1B[1m> :distZip[m[10D[1B[2A[2K[1B[2K[1A[0m[?12l[?25hrothc5@cf162-10:~/scsci241/lab-1-CalebRoth$ gradle run --args="Sky"


[2A[1m<[0;32;1m=========[0;39;1m----> 75% EXECUTING [88ms][m[36D[1B[1m> :run[m[6D[1B[2A[0K
[1m> Task :run[m
Hello Sky

[32;1mBUILD SUCCESSFUL[0;39m in 407ms
2 actionable tasks: 1 executed, 1 up-to-date
[0K
[0K
[2A[1m<[0;1m-------------> 0% WAITING[m[26D[1B[1m> :run[m[6D[1B[2A[2K[1B[2K[1A[0m[?12l[?25hrothc5@cf162-10:~/scsci241/lab-1-CalebRoth$ git add src/main/java/lab1/Hello.jav a
rothc5@cf162-10:~/scsci241/lab-1-CalebRoth$ git commit -m "Hello now prints comm and line arg"
[master add2dd4] Hello now prints command line arg
 1 file changed, 1 insertion(+), 1 deletion(-)
rothc5@cf162-10:~/scsci241/lab-1-CalebRoth$ git push
Username for 'https://github.com': Calebv Roth
Password for 'https://CalebRoth@github.com': 
Counting objects: 10, done.
Delta compression using up to 8 threads.
Compressing objects:  16% (1/6)   Compressing objects:  33% (2/6)   Compressing objects:  50% (3/6)   Compressing objects:  66% (4/6)   Compressing objects:  83% (5/6)   Compressing objects: 100% (6/6)   Compressing objects: 100% (6/6), done.
Writing objects:  10% (1/10)   Writing objects:  20% (2/10)   Writing objects:  30% (3/10)   Writing objects:  40% (4/10)   Writing objects:  50% (5/10)   Writing objects:  60% (6/10)   Writing objects:  70% (7/10)   Writing objects:  80% (8/10)   Writing objects:  90% (9/10)   Writing objects: 100% (10/10)   Writing objects: 100% (10/10), 797 bytes | 159.00 KiB/s, done.
Total 10 (delta 3), reused 0 (delta 0)
remote: Resolving deltas:   0% (0/3)[Kremote: Resolving deltas:  66% (2/3)[Kremote: Resolving deltas: 100% (3/3)[Kremote: Resolving deltas: 100% (3/3), completed with 2 local objects.[K
To https://github.com/csci241-20s/lab-1-CalebRoth.git
   dd73878..add2dd4  master -> master
rothc5@cf162-10:~/scsci241/lab-1-CalebRoth$ git sat[K[Ktatus
On branch master
Your branch is up to date with 'origin/master'.

Untracked files:
  (use "git add <file>..." to include in what will be committed)

	[31m.gradle/[m
	[31mbuild/[m

nothing added to commit but untracked files present (use "git add" to track)
rothc5@cf162-10:~/scsci241/lab-1-CalebRoth$ exit
exit

Script done on 2020-04-12 04:45:19-0700
